Component: ARM Compiler 5.06 update 3 (build 300) Tool: armlink [4d35c9]

==============================================================================

Section Cross References

    startup_stm32f103xe.o(STACK) refers (Special) to heapauxi.o(.text) for __use_two_region_memory
    startup_stm32f103xe.o(HEAP) refers (Special) to heapauxi.o(.text) for __use_two_region_memory
    startup_stm32f103xe.o(RESET) refers (Special) to heapauxi.o(.text) for __use_two_region_memory
    startup_stm32f103xe.o(RESET) refers to startup_stm32f103xe.o(STACK) for __initial_sp
    startup_stm32f103xe.o(RESET) refers to startup_stm32f103xe.o(.text) for Reset_Handler
    startup_stm32f103xe.o(RESET) refers to stm32f1xx_it.o(i.NMI_Handler) for NMI_Handler
    startup_stm32f103xe.o(RESET) refers to stm32f1xx_it.o(i.HardFault_Handler) for HardFault_Handler
    startup_stm32f103xe.o(RESET) refers to stm32f1xx_it.o(i.MemManage_Handler) for MemManage_Handler
    startup_stm32f103xe.o(RESET) refers to stm32f1xx_it.o(i.BusFault_Handler) for BusFault_Handler
    startup_stm32f103xe.o(RESET) refers to stm32f1xx_it.o(i.UsageFault_Handler) for UsageFault_Handler
    startup_stm32f103xe.o(RESET) refers to stm32f1xx_it.o(i.SVC_Handler) for SVC_Handler
    startup_stm32f103xe.o(RESET) refers to stm32f1xx_it.o(i.DebugMon_Handler) for DebugMon_Handler
    startup_stm32f103xe.o(RESET) refers to stm32f1xx_it.o(i.PendSV_Handler) for PendSV_Handler
    startup_stm32f103xe.o(RESET) refers to stm32f1xx_it.o(i.SysTick_Handler) for SysTick_Handler
    startup_stm32f103xe.o(RESET) refers to stm32f1xx_it.o(i.DMA1_Channel4_IRQHandler) for DMA1_Channel4_IRQHandler
    startup_stm32f103xe.o(RESET) refers to stm32f1xx_it.o(i.DMA1_Channel5_IRQHandler) for DMA1_Channel5_IRQHandler
    startup_stm32f103xe.o(RESET) refers to stm32f1xx_it.o(i.DMA1_Channel6_IRQHandler) for DMA1_Channel6_IRQHandler
    startup_stm32f103xe.o(RESET) refers to stm32f1xx_it.o(i.DMA1_Channel7_IRQHandler) for DMA1_Channel7_IRQHandler
    startup_stm32f103xe.o(RESET) refers to stm32f1xx_it.o(i.USART1_IRQHandler) for USART1_IRQHandler
    startup_stm32f103xe.o(RESET) refers to stm32f1xx_it.o(i.USART2_IRQHandler) for USART2_IRQHandler
    startup_stm32f103xe.o(RESET) refers to stm32f1xx_it.o(i.TIM6_IRQHandler) for TIM6_IRQHandler
    startup_stm32f103xe.o(.text) refers (Special) to heapauxi.o(.text) for __use_two_region_memory
    startup_stm32f103xe.o(.text) refers to system_stm32f1xx.o(i.SystemInit) for SystemInit
    startup_stm32f103xe.o(.text) refers to __main.o(!!!main) for __main
    startup_stm32f103xe.o(.text) refers to startup_stm32f103xe.o(HEAP) for Heap_Mem
    startup_stm32f103xe.o(.text) refers to startup_stm32f103xe.o(STACK) for Stack_Mem
    main.o(i.HAL_TIM_PeriodElapsedCallback) refers to _printf_percent.o(.ARM.Collect$$_printf_percent$$00000000) for _printf_percent
    main.o(i.HAL_TIM_PeriodElapsedCallback) refers to _printf_f.o(.ARM.Collect$$_printf_percent$$00000003) for _printf_f
    main.o(i.HAL_TIM_PeriodElapsedCallback) refers to printf1.o(x$fpl$printf1) for _printf_fp_dec
    main.o(i.HAL_TIM_PeriodElapsedCallback) refers to rt_memclr_w.o(.text) for __aeabi_memclr4
    main.o(i.HAL_TIM_PeriodElapsedCallback) refers to f2d.o(x$fpl$f2d) for __aeabi_f2d
    main.o(i.HAL_TIM_PeriodElapsedCallback) refers to daddsub_clz.o(x$fpl$dadd) for __aeabi_dadd
    main.o(i.HAL_TIM_PeriodElapsedCallback) refers to d2f.o(x$fpl$d2f) for __aeabi_d2f
    main.o(i.HAL_TIM_PeriodElapsedCallback) refers to mahony_filter.o(i.IMUs_update) for IMUs_update
    main.o(i.HAL_TIM_PeriodElapsedCallback) refers to dleqf.o(x$fpl$dleqf) for __aeabi_cdcmple
    main.o(i.HAL_TIM_PeriodElapsedCallback) refers to drive_layer.o(i.Vector_Control) for Vector_Control
    main.o(i.HAL_TIM_PeriodElapsedCallback) refers to drleqf.o(x$fpl$drleqf) for __aeabi_cdrcmple
    main.o(i.HAL_TIM_PeriodElapsedCallback) refers to robotarm.o(i.QuaternionReviser) for QuaternionReviser
    main.o(i.HAL_TIM_PeriodElapsedCallback) refers to rt_memcpy_w.o(.text) for __aeabi_memcpy4
    main.o(i.HAL_TIM_PeriodElapsedCallback) refers to robotarm.o(i.RobotArm_Resolver) for RobotArm_Resolver
    main.o(i.HAL_TIM_PeriodElapsedCallback) refers to daddsub_clz.o(x$fpl$dsub) for __aeabi_dsub
    main.o(i.HAL_TIM_PeriodElapsedCallback) refers to dmul.o(x$fpl$dmul) for __aeabi_dmul
    main.o(i.HAL_TIM_PeriodElapsedCallback) refers to noretval__2sprintf.o(.text) for __2sprintf
    main.o(i.HAL_TIM_PeriodElapsedCallback) refers to stm32f1xx_hal_uart.o(i.HAL_UART_Transmit_DMA) for HAL_UART_Transmit_DMA
    main.o(i.HAL_TIM_PeriodElapsedCallback) refers to drive_layer.o(i.Vector_Control_with_Time_Limited) for Vector_Control_with_Time_Limited
    main.o(i.HAL_TIM_PeriodElapsedCallback) refers to abstract_layer.o(i.key_teleop_ctrl) for key_teleop_ctrl
    main.o(i.HAL_TIM_PeriodElapsedCallback) refers to excavatorsettings.o(.data) for systime
    main.o(i.HAL_TIM_PeriodElapsedCallback) refers to ctrllib_settings.o(.data) for TimePeriod
[...]
    rosserial_msgs::Log::getMD5()            0x08006eb5   Thumb Code     6  uart_node.o(i._ZN14rosserial_msgs3Log6getMD5Ev)
    rosserial_msgs::Log::getType()           0x08006ec1   Thumb Code     6  uart_node.o(i._ZN14rosserial_msgs3Log7getTypeEv)
    rosserial_msgs::TopicInfo::getMD5()      0x08006ecd   Thumb Code     6  uart_node.o(i._ZN14rosserial_msgs9TopicInfo6getMD5Ev)
    rosserial_msgs::TopicInfo::getType()     0x08006ed9   Thumb Code     6  uart_node.o(i._ZN14rosserial_msgs9TopicInfo7getTypeEv)
    ros::Subscriber_::Subscriber___sub_object() 0x08006ee5   Thumb Code     6  uart_node.o(i._ZN3ros11Subscriber_C2Ev)
    ros::normalizeSecNSec(unsigned&, unsigned&) 0x08006ef1   Thumb Code    30  time.o(i._ZN3ros16normalizeSecNSecERjS0_)
    ros::Msg::Msg__sub_object()              0x08006f15   Thumb Code     6  uart_node.o(i._ZN3ros3MsgC2Ev)
    ros::Time::Time()                        0x08006f21   Thumb Code     8  uart_node.o(i._ZN3ros4TimeC1Ev)
    ros::Time::Time__sub_object()            0x08006f21   Thumb Code     0  uart_node.o(i._ZN3ros4TimeC1Ev)
    ros::Publisher::publish(const ros::Msg*) 0x08006f29   Thumb Code    20  uart_node.o(i._ZN3ros9Publisher7publishEPKNS_3MsgE)
    ros::Publisher::Publisher(const char*, ros::Msg*, int) 0x08006f3d   Thumb Code     8  uart_node.o(i._ZN3ros9PublisherC1EPKcPNS_3MsgEi)
    ros::Publisher::Publisher__sub_object(const char*, ros::Msg*, int) 0x08006f3d   Thumb Code     0  uart_node.o(i._ZN3ros9PublisherC1EPKcPNS_3MsgEi)
    std_msgs::Time::deserialize(unsigned char*) 0x08007549   Thumb Code    92  uart_node.o(i._ZN8std_msgs4Time11deserializeEPh)
    std_msgs::Time::getMD5()                 0x080075a5   Thumb Code     6  uart_node.o(i._ZN8std_msgs4Time6getMD5Ev)
    std_msgs::Time::getType()                0x080075b1   Thumb Code     6  uart_node.o(i._ZN8std_msgs4Time7getTypeEv)
    std_msgs::Time::Time()                   0x080075bd   Thumb Code    28  uart_node.o(i._ZN8std_msgs4TimeC1Ev)
    std_msgs::Time::Time__sub_object()       0x080075bd   Thumb Code     0  uart_node.o(i._ZN8std_msgs4TimeC1Ev)
    std_msgs::Header::deserialize(unsigned char*) 0x080075dd   Thumb Code   188  uart_node.o(i._ZN8std_msgs6Header11deserializeEPh)
    std_msgs::Header::getMD5()               0x08007699   Thumb Code     6  uart_node.o(i._ZN8std_msgs6Header6getMD5Ev)
    std_msgs::Header::getType()              0x080076a5   Thumb Code     6  uart_node.o(i._ZN8std_msgs6Header7getTypeEv)
    std_msgs::Header::Header()               0x080076b1   Thumb Code    40  uart_node.o(i._ZN8std_msgs6HeaderC1Ev)
    std_msgs::Header::Header__sub_object()   0x080076b1   Thumb Code     0  uart_node.o(i._ZN8std_msgs6HeaderC1Ev)
    sensor_msgs::JointState::serialize(unsigned char*) const 0x080076e1   Thumb Code   510  uart_node.o(i._ZNK11sensor_msgs10JointState9serializeEPh)
    sensor_msgs::Imu::serialize(unsigned char*) const 0x080078df   Thumb Code   364  uart_node.o(i._ZNK11sensor_msgs3Imu9serializeEPh)
    geometry_msgs::Quaternion::serialize(unsigned char*) const 0x08007a4b   Thumb Code   356  uart_node.o(i._ZNK13geometry_msgs10Quaternion9serializeEPh)
    geometry_msgs::Twist::serialize(unsigned char*) const 0x08007baf   Thumb Code    36  uart_node.o(i._ZNK13geometry_msgs5Twist9serializeEPh)
    geometry_msgs::Vector3::serialize(unsigned char*) const 0x08007bd3   Thumb Code   270  uart_node.o(i._ZNK13geometry_msgs7Vector39serializeEPh)
    rosserial_msgs::RequestParamResponse::serialize(unsigned char*) const 0x08007ce1   Thumb Code   256  uart_node.o(i._ZNK14rosserial_msgs20RequestParamResponse9serializeEPh)
    rosserial_msgs::Log::serialize(unsigned char*) const 0x08007de1   Thumb Code    52  uart_node.o(i._ZNK14rosserial_msgs3Log9serializeEPh)
    rosserial_msgs::TopicInfo::serialize(unsigned char*) const 0x08007e15   Thumb Code   154  uart_node.o(i._ZNK14rosserial_msgs9TopicInfo9serializeEPh)
    std_msgs::Time::serialize(unsigned char*) const 0x08007eaf   Thumb Code    68  uart_node.o(i._ZNK8std_msgs4Time9serializeEPh)
    std_msgs::Header::serialize(unsigned char*) const 0x08007ef3   Thumb Code   136  uart_node.o(i._ZNK8std_msgs6Header9serializeEPh)
    std::asin(float)                         0x08007f7b   Thumb Code    12  robotarm.o(i._ZSt4asinf)
    std::sqrt(float)                         0x08007f87   Thumb Code    12  mahony_filter.o(i._ZSt4sqrtf)
    std::atan2(float, float)                 0x08007f93   Thumb Code    16  mahony_filter.o(i._ZSt5atan2ff)
    __ARM_fpclassify                         0x08007fa3   Thumb Code    40  fpclassify.o(i.__ARM_fpclassify)
    __ARM_fpclassifyf                        0x08007fcb   Thumb Code    38  fpclassifyf.o(i.__ARM_fpclassifyf)
    __cxa_pure_virtual                       0x08007ff1   Thumb Code     6  pure_virt.o(i.__cxa_pure_virtual)
    __ieee754_rem_pio2                       0x08007ff9   Thumb Code   828  rred.o(i.__ieee754_rem_pio2)
    __kernel_cos                             0x08008381   Thumb Code   230  cos_i.o(i.__kernel_cos)
    __kernel_poly                            0x0800847d   Thumb Code   170  poly.o(i.__kernel_poly)
    __kernel_sin                             0x08008529   Thumb Code   224  sin_i.o(i.__kernel_sin)
    __mathlib_dbl_infnan                     0x08008615   Thumb Code     6  dunder.o(i.__mathlib_dbl_infnan)
    __mathlib_dbl_invalid                    0x0800861b   Thumb Code    12  dunder.o(i.__mathlib_dbl_invalid)
    __mathlib_dbl_underflow                  0x08008629   Thumb Code    10  dunder.o(i.__mathlib_dbl_underflow)
    __mathlib_flt_infnan                     0x08008639   Thumb Code     6  funder.o(i.__mathlib_flt_infnan)
    __mathlib_flt_infnan2                    0x0800863f   Thumb Code     4  funder.o(i.__mathlib_flt_infnan2)
    __mathlib_flt_invalid                    0x08008643   Thumb Code     8  funder.o(i.__mathlib_flt_invalid)
    __mathlib_flt_underflow                  0x0800864b   Thumb Code    10  funder.o(i.__mathlib_flt_underflow)
    _is_digit                                0x08008725   Thumb Code    14  __printf_wp.o(i._is_digit)
    acosf                                    0x08008735   Thumb Code   242  acosf.o(i.acosf)
    asinf                                    0x08008851   Thumb Code   254  asinf.o(i.asinf)
    atan2f                                   0x08008975   Thumb Code   528  atan2f.o(i.atan2f)
    cos                                      0x08008bd1   Thumb Code   148  cos.o(i.cos)
    get_icm20602_data                        0x08008c6d   Thumb Code    16  seekfree_icm20602.o(i.get_icm20602_data)
    get_icm20602_imu4_remap_data_simspi      0x08008c7d   Thumb Code   378  seekfree_icm20602.o(i.get_icm20602_imu4_remap_data_simspi)
    icm20602_init                            0x08008e05   Thumb Code    12  seekfree_icm20602.o(i.icm20602_init)
    key_teleop_ctrl                          0x08008e11   Thumb Code   282  abstract_layer.o(i.key_teleop_ctrl)
    loop                                     0x08008f39   Thumb Code    94  uart_node.o(i.loop)
    main                                     0x08008fb1   Thumb Code   328  main.o(i.main)
    setup                                    0x08009121   Thumb Code   136  uart_node.o(i.setup)
    sin                                      0x080091bd   Thumb Code   150  sin.o(i.sin)
    sqrtf                                    0x0800925d   Thumb Code    44  sqrtf.o(i.sqrtf)
    xiangdui                                 0x08009289   Thumb Code   130  robotarm.o(i.xiangdui)
    _get_lc_numeric                          0x0800930d   Thumb Code    44  lc_numeric_c.o(locale$$code)
    ros::Subscriber<sensor_msgs::JointState, void>::getMsgType() 0x08009339   Thumb Code     8  uart_node.o(t._ZN3ros10SubscriberIN11sensor_msgs10JointStateEvE10getMsgTypeEv)
    ros::Subscriber<sensor_msgs::JointState, void>::getEndpointType() 0x08009345   Thumb Code     6  uart_node.o(t._ZN3ros10SubscriberIN11sensor_msgs10JointStateEvE15getEndpointTypeEv)
    ros::Subscriber<sensor_msgs::JointState, void>::callback(unsigned char*) 0x0800934b   Thumb Code    26  uart_node.o(t._ZN3ros10SubscriberIN11sensor_msgs10JointStateEvE8callbackEPh)
    ros::Subscriber<sensor_msgs::JointState, void>::getMsgMD5() 0x08009365   Thumb Code     8  uart_node.o(t._ZN3ros10SubscriberIN11sensor_msgs10JointStateEvE9getMsgMD5Ev)
    ros::Subscriber<geometry_msgs::Twist, void>::getMsgType() 0x08009371   Thumb Code     8  uart_node.o(t._ZN3ros10SubscriberIN13geometry_msgs5TwistEvE10getMsgTypeEv)
    ros::Subscriber<geometry_msgs::Twist, void>::getEndpointType() 0x0800937d   Thumb Code     6  uart_node.o(t._ZN3ros10SubscriberIN13geometry_msgs5TwistEvE15getEndpointTypeEv)
    ros::Subscriber<geometry_msgs::Twist, void>::callback(unsigned char*) 0x08009383   Thumb Code    26  uart_node.o(t._ZN3ros10SubscriberIN13geometry_msgs5TwistEvE8callbackEPh)
    ros::Subscriber<geometry_msgs::Twist, void>::getMsgMD5() 0x0800939d   Thumb Code     8  uart_node.o(t._ZN3ros10SubscriberIN13geometry_msgs5TwistEvE9getMsgMD5Ev)
    ros::Subscriber<geometry_msgs::Twist, void>::Subscriber(const char*, void(*)(const geometry_msgs::Twist&), int) 0x080093a9   Thumb Code    84  uart_node.o(t._ZN3ros10SubscriberIN13geometry_msgs5TwistEvEC1EPKcPFvRKS2_Ei)
    ros::Subscriber<geometry_msgs::Twist, void>::Subscriber__sub_object(const char*, void(*)(const geometry_msgs::Twist&), int) 0x080093a9   Thumb Code     0  uart_node.o(t._ZN3ros10SubscriberIN13geometry_msgs5TwistEvEC1EPKcPFvRKS2_Ei)
    ros::NodeHandle_<STM32Hardware, (int)25, (int)25, (int)512, (int)512>::negotiateTopics() 0x08009405   Thumb Code   306  uart_node.o(t._ZN3ros11NodeHandle_I13STM32HardwareLi25ELi25ELi512ELi512EE15negotiateTopicsEv)
    ros::NodeHandle_<STM32Hardware, (int)25, (int)25, (int)512, (int)512>::requestSyncTime() 0x08009541   Thumb Code    34  uart_node.o(t._ZN3ros11NodeHandle_I13STM32HardwareLi25ELi25ELi512ELi512EE15requestSyncTimeEv)
    ros::NodeHandle_<STM32Hardware, (int)25, (int)25, (int)512, (int)512>::now() 0x08009563   Thumb Code    82  uart_node.o(t._ZN3ros11NodeHandle_I13STM32HardwareLi25ELi25ELi512ELi512EE3nowEv)
    ros::NodeHandle_<STM32Hardware, (int)25, (int)25, (int)512, (int)512>::publish(int, const ros::Msg*) 0x080095b5   Thumb Code   260  uart_node.o(t._ZN3ros11NodeHandle_I13STM32HardwareLi25ELi25ELi512ELi512EE7publishEiPKNS_3MsgE)
    ros::NodeHandle_<STM32Hardware, (int)25, (int)25, (int)512, (int)512>::spinOnce() 0x080096c5   Thumb Code   678  uart_node.o(t._ZN3ros11NodeHandle_I13STM32HardwareLi25ELi25ELi512ELi512EE8spinOnceEv)
    ros::NodeHandle_<STM32Hardware, (int)25, (int)25, (int)512, (int)512>::syncTime(unsigned char*) 0x0800996d   Thumb Code   160  uart_node.o(t._ZN3ros11NodeHandle_I13STM32HardwareLi25ELi25ELi512ELi512EE8syncTimeEPh)
    ros::NodeHandle_<STM32Hardware, (int)25, (int)25, (int)512, (int)512>::advertise(ros::Publisher&) 0x08009a11   Thumb Code    48  uart_node.o(t._ZN3ros11NodeHandle_I13STM32HardwareLi25ELi25ELi512ELi512EE9advertiseERNS_9PublisherE)
    ros::NodeHandle_<STM32Hardware, (int)25, (int)25, (int)512, (int)512>::NodeHandle_() 0x08009a41   Thumb Code   196  uart_node.o(t._ZN3ros11NodeHandle_I13STM32HardwareLi25ELi25ELi512ELi512EEC1Ev)
    ros::NodeHandle_<STM32Hardware, (int)25, (int)25, (int)512, (int)512>::NodeHandle___sub_object() 0x08009a41   Thumb Code     0  uart_node.o(t._ZN3ros11NodeHandle_I13STM32HardwareLi25ELi25ELi512ELi512EEC1Ev)
    void ros::Msg::arrToVar<unsigned, unsigned char*>(T1&, T2) 0x08009b15   Thumb Code    32  uart_node.o(t._ZN3ros3Msg8arrToVarIjPhEEvRT_T0_)
    void ros::Msg::varToArr<unsigned char*, unsigned>(T1, T2) 0x08009b35   Thumb Code    22  uart_node.o(t._ZN3ros3Msg8varToArrIPhjEEvT_T0_)
    __aeabi_d2f                              0x08009b4d   Thumb Code     0  d2f.o(x$fpl$d2f)
    _d2f                                     0x08009b4d   Thumb Code    98  d2f.o(x$fpl$d2f)
    __aeabi_dadd                             0x08009bb1   Thumb Code     0  daddsub_clz.o(x$fpl$dadd)
    _dadd                                    0x08009bb1   Thumb Code   332  daddsub_clz.o(x$fpl$dadd)
    __fpl_dcheck_NaN1                        0x08009d01   Thumb Code    10  dcheck1.o(x$fpl$dcheck1)
    __fpl_dcmp_Inf                           0x08009d11   Thumb Code    24  dcmpi.o(x$fpl$dcmpinf)
    __aeabi_ddiv                             0x08009d29   Thumb Code     0  ddiv.o(x$fpl$ddiv)
    _ddiv                                    0x08009d29   Thumb Code   552  ddiv.o(x$fpl$ddiv)
    __aeabi_d2iz                             0x08009fd9   Thumb Code     0  dfix.o(x$fpl$dfix)
    _dfix                                    0x08009fd9   Thumb Code    94  dfix.o(x$fpl$dfix)
    __aeabi_d2uiz                            0x0800a039   Thumb Code     0  dfixu.o(x$fpl$dfixu)
    _dfixu                                   0x0800a039   Thumb Code    90  dfixu.o(x$fpl$dfixu)
    __aeabi_i2d                              0x0800a093   Thumb Code     0  dflt_clz.o(x$fpl$dflt)
    _dflt                                    0x0800a093   Thumb Code    46  dflt_clz.o(x$fpl$dflt)
    __aeabi_ui2d                             0x0800a0c1   Thumb Code     0  dflt_clz.o(x$fpl$dfltu)
    _dfltu                                   0x0800a0c1   Thumb Code    38  dflt_clz.o(x$fpl$dfltu)
    __aeabi_cdcmple                          0x0800a0e9   Thumb Code     0  dleqf.o(x$fpl$dleqf)
    _dcmple                                  0x0800a0e9   Thumb Code   120  dleqf.o(x$fpl$dleqf)
    __fpl_dcmple_InfNaN                      0x0800a14b   Thumb Code     0  dleqf.o(x$fpl$dleqf)
    __aeabi_dmul                             0x0800a161   Thumb Code     0  dmul.o(x$fpl$dmul)
    _dmul                                    0x0800a161   Thumb Code   332  dmul.o(x$fpl$dmul)
    __fpl_dnaninf                            0x0800a2b5   Thumb Code   156  dnaninf.o(x$fpl$dnaninf)
    __fpl_dretinf                            0x0800a351   Thumb Code    12  dretinf.o(x$fpl$dretinf)
    __aeabi_cdrcmple                         0x0800a35d   Thumb Code     0  drleqf.o(x$fpl$drleqf)
    _drcmple                                 0x0800a35d   Thumb Code   108  drleqf.o(x$fpl$drleqf)
    __aeabi_drsub                            0x0800a3c9   Thumb Code     0  daddsub_clz.o(x$fpl$drsb)
    _drsb                                    0x0800a3c9   Thumb Code    22  daddsub_clz.o(x$fpl$drsb)
    __aeabi_dsub                             0x0800a3e1   Thumb Code     0  daddsub_clz.o(x$fpl$dsub)
    _dsub                                    0x0800a3e1   Thumb Code   464  daddsub_clz.o(x$fpl$dsub)
    __aeabi_f2d                              0x0800a5b5   Thumb Code     0  f2d.o(x$fpl$f2d)
    _f2d                                     0x0800a5b5   Thumb Code    86  f2d.o(x$fpl$f2d)
    __aeabi_fadd                             0x0800a60d   Thumb Code     0  faddsub_clz.o(x$fpl$fadd)
    _fadd                                    0x0800a60d   Thumb Code   196  faddsub_clz.o(x$fpl$fadd)
    __fpl_fcheck_NaN1                        0x0800a6d1   Thumb Code     6  fcheck1.o(x$fpl$fcheck1)
    __fpl_fcmp_Inf                           0x0800a6dd   Thumb Code    24  fcmpi.o(x$fpl$fcmpinf)
    __aeabi_fdiv                             0x0800a6f5   Thumb Code     0  fdiv.o(x$fpl$fdiv)
    _fdiv                                    0x0800a6f5   Thumb Code   384  fdiv.o(x$fpl$fdiv)
    __aeabi_i2f                              0x0800a879   Thumb Code     0  fflt_clz.o(x$fpl$fflt)
    _fflt                                    0x0800a879   Thumb Code    48  fflt_clz.o(x$fpl$fflt)
    __aeabi_cfcmple                          0x0800a8a9   Thumb Code     0  fleqf.o(x$fpl$fleqf)
    _fcmple                                  0x0800a8a9   Thumb Code   104  fleqf.o(x$fpl$fleqf)
    __fpl_fcmple_InfNaN                      0x0800a8fb   Thumb Code     0  fleqf.o(x$fpl$fleqf)
    __aeabi_fmul                             0x0800a911   Thumb Code     0  fmul.o(x$fpl$fmul)
    _fmul                                    0x0800a911   Thumb Code   258  fmul.o(x$fpl$fmul)
    __fpl_fnaninf                            0x0800aa13   Thumb Code   140  fnaninf.o(x$fpl$fnaninf)
    __fpl_fretinf                            0x0800aa9f   Thumb Code    10  fretinf.o(x$fpl$fretinf)
    __aeabi_cfrcmple                         0x0800aaa9   Thumb Code     0  frleqf.o(x$fpl$frleqf)
    _frcmple                                 0x0800aaa9   Thumb Code    98  frleqf.o(x$fpl$frleqf)
    __aeabi_frsub                            0x0800ab0b   Thumb Code     0  faddsub_clz.o(x$fpl$frsb)
    _frsb                                    0x0800ab0b   Thumb Code    20  faddsub_clz.o(x$fpl$frsb)
    _fsqrt                                   0x0800ab21   Thumb Code   272  fsqrt.o(x$fpl$fsqrt)
    __aeabi_fsub                             0x0800ac31   Thumb Code     0  faddsub_clz.o(x$fpl$fsub)
    _fsub                                    0x0800ac31   Thumb Code   234  faddsub_clz.o(x$fpl$fsub)
    _printf_fp_dec                           0x0800ad1b   Thumb Code     4  printf1.o(x$fpl$printf1)
    __fpl_return_NaN                         0x0800ad1f   Thumb Code   100  retnan.o(x$fpl$retnan)
    __ARM_scalbn                             0x0800ad83   Thumb Code    92  scalbn.o(x$fpl$scalbn)
    __ARM_scalbnf                            0x0800addf   Thumb Code    76  scalbnf.o(x$fpl$scalbnf)
    __fpl_cmpreturn                          0x0800ae2b   Thumb Code    48  trapv.o(x$fpl$trapveneer)
    __I$use$fp                               0x0800ae5a   Number         0  usenofp.o(x$fpl$usenofp)
    AHBPrescTable                            0x0800ae80   Data          16  system_stm32f1xx.o(.constdata)
    APBPrescTable                            0x0800ae90   Data           8  system_stm32f1xx.o(.constdata)
    vtable for sensor_msgs::JointState       0x0800b0f4   Data          24  uart_node.o(.constdata__ZTVN11sensor_msgs10JointStateE)
    vtable for sensor_msgs::Imu              0x0800b10c   Data          24  uart_node.o(.constdata__ZTVN11sensor_msgs3ImuE)
    vtable for geometry_msgs::Quaternion     0x0800b124   Data          24  uart_node.o(.constdata__ZTVN13geometry_msgs10QuaternionE)
    vtable for geometry_msgs::Twist          0x0800b13c   Data          24  uart_node.o(.constdata__ZTVN13geometry_msgs5TwistE)
    vtable for geometry_msgs::Vector3        0x0800b154   Data          24  uart_node.o(.constdata__ZTVN13geometry_msgs7Vector3E)
    vtable for rosserial_msgs::RequestParamResponse 0x0800b16c   Data          24  uart_node.o(.constdata__ZTVN14rosserial_msgs20RequestParamResponseE)
    vtable for rosserial_msgs::Log           0x0800b184   Data          24  uart_node.o(.constdata__ZTVN14rosserial_msgs3LogE)
    vtable for rosserial_msgs::TopicInfo     0x0800b19c   Data          24  uart_node.o(.constdata__ZTVN14rosserial_msgs9TopicInfoE)
    vtable for ros::Subscriber<sensor_msgs::JointState, void> 0x0800b1b4   Data          24  uart_node.o(.constdata__ZTVN3ros10SubscriberIN11sensor_msgs10JointStateEvEE)
    vtable for ros::Subscriber<geometry_msgs::Twist, void> 0x0800b1cc   Data          24  uart_node.o(.constdata__ZTVN3ros10SubscriberIN13geometry_msgs5TwistEvEE)
    vtable for ros::NodeHandle_<STM32Hardware, (int)25, (int)25, (int)512, (int)512> 0x0800b1e4   Data          20  uart_node.o(.constdata__ZTVN3ros11NodeHandle_I13STM32HardwareLi25ELi25ELi512ELi512EEE)
    vtable for ros::Subscriber_              0x0800b1f8   Data          24  uart_node.o(.constdata__ZTVN3ros11Subscriber_E)
    vtable for ros::NodeHandleBase_          0x0800b210   Data          20  uart_node.o(.constdata__ZTVN3ros15NodeHandleBase_E)
    vtable for ros::Msg                      0x0800b224   Data          24  uart_node.o(.constdata__ZTVN3ros3MsgE)
    vtable for std_msgs::Time                0x0800b23c   Data          24  uart_node.o(.constdata__ZTVN8std_msgs4TimeE)
    vtable for std_msgs::Header              0x0800b254   Data          24  uart_node.o(.constdata__ZTVN8std_msgs6HeaderE)
    sensor_msgs::JointState::getMD5()::string 0x0800b26c   Data          33  uart_node.o(.constdata__ZZN11sensor_msgs10JointState6getMD5EvEs)
    sensor_msgs::JointState::getType()::string 0x0800b28d   Data          23  uart_node.o(.constdata__ZZN11sensor_msgs10JointState7getTypeEvEs)
    sensor_msgs::Imu::getMD5()::string       0x0800b2a4   Data          33  uart_node.o(.constdata__ZZN11sensor_msgs3Imu6getMD5EvEs)
    sensor_msgs::Imu::getType()::string      0x0800b2c5   Data          16  uart_node.o(.constdata__ZZN11sensor_msgs3Imu7getTypeEvEs)
    geometry_msgs::Quaternion::getMD5()::string 0x0800b2d5   Data          33  uart_node.o(.constdata__ZZN13geometry_msgs10Quaternion6getMD5EvEs)
    geometry_msgs::Quaternion::getType()::string 0x0800b2f6   Data          25  uart_node.o(.constdata__ZZN13geometry_msgs10Quaternion7getTypeEvEs)
    geometry_msgs::Twist::getMD5()::string   0x0800b30f   Data          33  uart_node.o(.constdata__ZZN13geometry_msgs5Twist6getMD5EvEs)
    geometry_msgs::Twist::getType()::string  0x0800b330   Data          20  uart_node.o(.constdata__ZZN13geometry_msgs5Twist7getTypeEvEs)
    geometry_msgs::Vector3::getMD5()::string 0x0800b344   Data          33  uart_node.o(.constdata__ZZN13geometry_msgs7Vector36getMD5EvEs)
    geometry_msgs::Vector3::getType()::string 0x0800b365   Data          22  uart_node.o(.constdata__ZZN13geometry_msgs7Vector37getTypeEvEs)
    rosserial_msgs::RequestParamResponse::getMD5()::string 0x0800b37b   Data          33  uart_node.o(.constdata__ZZN14rosserial_msgs20RequestParamResponse6getMD5EvEs)
    rosserial_msgs::Log::getMD5()::string    0x0800b39c   Data          33  uart_node.o(.constdata__ZZN14rosserial_msgs3Log6getMD5EvEs)
    rosserial_msgs::Log::getType()::string   0x0800b3bd   Data          19  uart_node.o(.constdata__ZZN14rosserial_msgs3Log7getTypeEvEs)
    rosserial_msgs::Log::Log()::string       0x0800b3d0   Data           1  uart_node.o(.constdata__ZZN14rosserial_msgs3LogC1EvEs)
    rosserial_msgs::TopicInfo::getMD5()::string 0x0800b3d1   Data          33  uart_node.o(.constdata__ZZN14rosserial_msgs9TopicInfo6getMD5EvEs)
    rosserial_msgs::TopicInfo::getType()::string 0x0800b3f2   Data          25  uart_node.o(.constdata__ZZN14rosserial_msgs9TopicInfo7getTypeEvEs)
    rosserial_msgs::TopicInfo::TopicInfo()::string 0x0800b40b   Data           1  uart_node.o(.constdata__ZZN14rosserial_msgs9TopicInfoC1EvEs)
    ros::NodeHandle_<STM32Hardware, (int)25, (int)25, (int)512, (int)512>::publish(int, const ros::Msg*)::string 0x0800b40c   Data          57  uart_node.o(.constdata__ZZN3ros11NodeHandle_I13STM32HardwareLi25ELi25ELi512ELi512EE7publishEiPKNS_3MsgEEs)
    std_msgs::Time::getMD5()::string         0x0800b445   Data          33  uart_node.o(.constdata__ZZN8std_msgs4Time6getMD5EvEs)
    std_msgs::Time::getType()::string        0x0800b466   Data          14  uart_node.o(.constdata__ZZN8std_msgs4Time7getTypeEvEs)
    std_msgs::Header::getMD5()::string       0x0800b474   Data          33  uart_node.o(.constdata__ZZN8std_msgs6Header6getMD5EvEs)
    std_msgs::Header::getType()::string      0x0800b495   Data          16  uart_node.o(.constdata__ZZN8std_msgs6Header7getTypeEvEs)
    std_msgs::Header::Header()::string       0x0800b4a5   Data           1  uart_node.o(.constdata__ZZN8std_msgs6HeaderC1EvEs)
    Region$$Table$$Base                      0x0800b518   Number         0  anon$$obj.o(Region$$Table)
    Region$$Table$$Limit                     0x0800b538   Number         0  anon$$obj.o(Region$$Table)
    SHT$$INIT_ARRAY$$Base                    0x0800b554   Number         0  uart_node.o(.init_array)
    SHT$$INIT_ARRAY$$Limit                   0x0800b558   Number         0  init_aeabi.o(.init_array)
    uwTick                                   0x20000008   Data           4  stm32f1xx_hal.o(.data)
    uwTickPrio                               0x2000000c   Data           4  stm32f1xx_hal.o(.data)
    uwTickFreq                               0x20000010   Data           1  stm32f1xx_hal.o(.data)
    SystemCoreClock                          0x20000014   Data           4  system_stm32f1xx.o(.data)
    MaxSpeed                                 0x20000088   Data           8  ctrllib_settings.o(.data)
    MaxPWM                                   0x20000090   Data           4  ctrllib_settings.o(.data)
    MotorGroup                               0x20000094   Data         128  ctrllib_settings.o(.data)
    RevisionMotion                           0x20000118   Data          48  ctrllib_settings.o(.data)
    MOTOR_Calibrate                          0x20000148   Data          96  ctrllib_settings.o(.data)
    MOTOR_Continue                           0x200001a8   Data          96  ctrllib_settings.o(.data)
    MecanumStdVector                         0x20000208   Data          96  ctrllib_settings.o(.data)
    SafetyFactor                             0x20000268   Data           8  ctrllib_settings.o(.data)
    TimePeriod                               0x20000270   Data           8  ctrllib_settings.o(.data)
    Kp                                       0x20000278   Data           4  mahony_filter.o(.data)
    Ki                                       0x2000027c   Data           4  mahony_filter.o(.data)
    ICM20602_CS_Pointer                      0x20000280   Data          48  seekfree_icm20602.o(.data)
    icm_gyro_x                               0x200002b0   Data           2  seekfree_icm20602.o(.data)
    icm_gyro_y                               0x200002b2   Data           2  seekfree_icm20602.o(.data)
    icm_gyro_z                               0x200002b4   Data           2  seekfree_icm20602.o(.data)
    icm_acc_x                                0x200002b6   Data           2  seekfree_icm20602.o(.data)
    icm_acc_y                                0x200002b8   Data           2  seekfree_icm20602.o(.data)
    icm_acc_z                                0x200002ba   Data           2  seekfree_icm20602.o(.data)
    unit_icm_gyro_x                          0x200002bc   Data           4  seekfree_icm20602.o(.data)
    unit_icm_gyro_y                          0x200002c0   Data           4  seekfree_icm20602.o(.data)
    unit_icm_gyro_z                          0x200002c4   Data           4  seekfree_icm20602.o(.data)
    unit_icm_acc_x                           0x200002c8   Data           4  seekfree_icm20602.o(.data)
    unit_icm_acc_y                           0x200002cc   Data           4  seekfree_icm20602.o(.data)
    unit_icm_acc_z                           0x200002d0   Data           4  seekfree_icm20602.o(.data)
    k                                        0x200002d4   Data          16  robotarm.o(.data)
    cmd                                      0x200002e4   Data           1  excavatorsettings.o(.data)
    systime                                  0x200002e8   Data           4  excavatorsettings.o(.data)
    AngleforRevision                         0x200002ec   Data          16  excavatorsettings.o(.data)
    joint_name                               0x200002fc   Data          32  uart_node.o(.data)
    STM32Hardware::flush()::mutex            0x20000324   Data           1  uart_node.o(.data__ZZN13STM32Hardware5flushEvE5mutex)
    hspi2                                    0x20000328   Data          88  spi.o(.bss)
    htim2                                    0x20000380   Data          72  tim.o(.bss)
    htim3                                    0x200003c8   Data          72  tim.o(.bss)
    htim4                                    0x20000410   Data          72  tim.o(.bss)
    htim6                                    0x20000458   Data          72  tim.o(.bss)
    htim8                                    0x200004a0   Data          72  tim.o(.bss)
    USART1_RX_BUF                            0x200004e8   Data         200  usart.o(.bss)
    USART1_TX_BUF                            0x200005b0   Data         200  usart.o(.bss)
    huart1                                   0x20000678   Data          68  usart.o(.bss)
    huart2                                   0x200006bc   Data          68  usart.o(.bss)
    hdma_usart1_rx                           0x20000700   Data          68  usart.o(.bss)
    hdma_usart1_tx                           0x20000744   Data          68  usart.o(.bss)
    hdma_usart2_rx                           0x20000788   Data          68  usart.o(.bss)
    hdma_usart2_tx                           0x200007cc   Data          68  usart.o(.bss)
    STOPVector                               0x20000830   Data          48  ctrllib_settings.o(.bss)
    MOTOR_Stop                               0x20000860   Data          96  ctrllib_settings.o(.bss)
    VelocityVector                           0x200008c0   Data          24  ctrllib_settings.o(.bss)
    Filters                                  0x20000908   Data        1296  filter_1.o(.bss)
    ICM20602_Data                            0x20000e18   Data         720  seekfree_icm20602.o(.bss)
    buff                                     0x200010e8   Data         256  excavatorsettings.o(.bss)
    sendbuff                                 0x200011e8   Data         512  excavatorsettings.o(.bss)
    Angles                                   0x200013e8   Data          16  excavatorsettings.o(.bss)
    urdfAngles                               0x200013f8   Data          32  excavatorsettings.o(.bss)
    nh                                       0x20001418   Data        3384  uart_node.o(.bss)
    imu_data                                 0x20002150   Data         344  uart_node.o(.bss)
    present_joint_state                      0x200022a8   Data          88  uart_node.o(.bss)
    joint_state_publisher                    0x20002300   Data          20  uart_node.o(.bss)
    imu_data_publisher                       0x20002314   Data          20  uart_node.o(.bss)
    target_joint_state_listener              0x20002328   Data         112  uart_node.o(.bss)
    motor_cmd_listener                       0x20002398   Data          96  uart_node.o(.bss)
    __libspace_start                         0x200023f8   Data          96  libspace.o(.bss)
    __temporary_stack_top$libspace           0x20002458   Data           0  libspace.o(.bss)



==============================================================================

Memory Map of the image

  Image Entry point : 0x08000131

  Load Region LR_IROM1 (Base: 0x08000000, Size: 0x0000b880, Max: 0x00040000, ABSOLUTE, COMPRESSED[0x0000b61c])

    Execution Region ER_IROM1 (Base: 0x08000000, Size: 0x0000b558, Max: 0x00040000, ABSOLUTE)

    Base Addr    Size         Type   Attr      Idx    E Section Name        Object

    0x08000000   0x00000130   Data   RO            3    RESET               startup_stm32f103xe.o
    0x08000130   0x00000008   Code   RO         5600  * !!!main             c_w.l(__main.o)
    0x08000138   0x00000034   Code   RO         6216    !!!scatter          c_w.l(__scatter.o)
    0x0800016c   0x0000005a   Code   RO         6214    !!dczerorl2         c_w.l(__dczerorl2.o)
    0x080001c6   0x00000002   PAD
    0x080001c8   0x0000001c   Code   RO         6218    !!handler_zi        c_w.l(__scatter_zi.o)
    0x080001e4   0x00000000   Code   RO         5589    .ARM.Collect$$_printf_percent$$00000000  c_w.l(_printf_percent.o)
    0x080001e4   0x00000006   Code   RO         5588    .ARM.Collect$$_printf_percent$$00000003  c_w.l(_printf_f.o)
    0x080001ea   0x00000004   Code   RO         5871    .ARM.Collect$$_printf_percent$$00000017  c_w.l(_printf_percent_end.o)
    0x080001ee   0x00000002   Code   RO         6145    .ARM.Collect$$libinit$$00000000  c_w.l(libinit.o)
    0x080001f0   0x00000000   Code   RO         5877    .ARM.Collect$$libinit$$00000002  c_w.l(libinit2.o)
    0x080001f0   0x00000000   Code   RO         5879    .ARM.Collect$$libinit$$00000004  c_w.l(libinit2.o)
    0x080001f0   0x00000008   Code   RO         5880    .ARM.Collect$$libinit$$00000005  c_w.l(libinit2.o)
    0x080001f8   0x00000000   Code   RO         5882    .ARM.Collect$$libinit$$0000000A  c_w.l(libinit2.o)
    0x080001f8   0x00000000   Code   RO         5884    .ARM.Collect$$libinit$$0000000C  c_w.l(libinit2.o)
    0x080001f8   0x00000000   Code   RO         5886    .ARM.Collect$$libinit$$0000000E  c_w.l(libinit2.o)
    0x080001f8   0x00000006   Code   RO         5887    .ARM.Collect$$libinit$$0000000F  c_w.l(libinit2.o)
    0x080001fe   0x00000000   Code   RO         5889    .ARM.Collect$$libinit$$00000011  c_w.l(libinit2.o)
    0x080001fe   0x00000000   Code   RO         5891    .ARM.Collect$$libinit$$00000013  c_w.l(libinit2.o)
    0x080001fe   0x00000000   Code   RO         5893    .ARM.Collect$$libinit$$00000015  c_w.l(libinit2.o)
    0x080001fe   0x0000000a   Code   RO         5894    .ARM.Collect$$libinit$$00000016  c_w.l(libinit2.o)
    0x08000208   0x00000000   Code   RO         5895    .ARM.Collect$$libinit$$00000017  c_w.l(libinit2.o)
    0x08000208   0x00000000   Code   RO         5897    .ARM.Collect$$libinit$$00000019  c_w.l(libinit2.o)
    0x08000208   0x00000000   Code   RO         5899    .ARM.Collect$$libinit$$0000001B  c_w.l(libinit2.o)
    0x08000208   0x00000000   Code   RO         5901    .ARM.Collect$$libinit$$0000001D  c_w.l(libinit2.o)
    0x08000208   0x00000000   Code   RO         5903    .ARM.Collect$$libinit$$0000001F  c_w.l(libinit2.o)
    0x08000208   0x00000000   Code   RO         5905    .ARM.Collect$$libinit$$00000021  c_w.l(libinit2.o)
    0x08000208   0x00000000   Code   RO         5907    .ARM.Collect$$libinit$$00000023  c_w.l(libinit2.o)
    0x08000208   0x00000000   Code   RO         5909    .ARM.Collect$$libinit$$00000025  c_w.l(libinit2.o)
    0x08000208   0x00000000   Code   RO         5913    .ARM.Collect$$libinit$$0000002C  c_w.l(libinit2.o)
    0x08000208   0x00000000   Code   RO         5915    .ARM.Collect$$libinit$$0000002E  c_w.l(libinit2.o)
    0x08000208   0x00000000   Code   RO         5917    .ARM.Collect$$libinit$$00000030  c_w.l(libinit2.o)
    0x08000208   0x00000004   Code   RO         5918    .ARM.Collect$$libinit$$00000031  c_w.l(libinit2.o)
    0x0800020c   0x00000000   Code   RO         5919    .ARM.Collect$$libinit$$00000032  c_w.l(libinit2.o)
    0x0800020c   0x00000002   Code   RO         5920    .ARM.Collect$$libinit$$00000033  c_w.l(libinit2.o)
    0x0800020e   0x00000002   Code   RO         6211    .ARM.Collect$$libshutdown$$00000000  c_w.l(libshutdown.o)
    0x08000210   0x00000000   Code   RO         6171    .ARM.Collect$$libshutdown$$00000002  c_w.l(libshutdown2.o)
    0x08000210   0x00000000   Code   RO         6173    .ARM.Collect$$libshutdown$$00000004  c_w.l(libshutdown2.o)
    0x08000210   0x00000000   Code   RO         6176    .ARM.Collect$$libshutdown$$00000007  c_w.l(libshutdown2.o)
    0x08000210   0x00000000   Code   RO         6179    .ARM.Collect$$libshutdown$$0000000A  c_w.l(libshutdown2.o)
    0x08000210   0x00000000   Code   RO         6181    .ARM.Collect$$libshutdown$$0000000C  c_w.l(libshutdown2.o)
    0x08000210   0x00000000   Code   RO         6184    .ARM.Collect$$libshutdown$$0000000F  c_w.l(libshutdown2.o)
    0x08000210   0x00000002   Code   RO         6185    .ARM.Collect$$libshutdown$$00000010  c_w.l(libshutdown2.o)
    0x08000212   0x00000000   Code   RO         5829    .ARM.Collect$$rtentry$$00000000  c_w.l(__rtentry.o)
    0x08000212   0x00000000   Code   RO         5999    .ARM.Collect$$rtentry$$00000002  c_w.l(__rtentry2.o)
    0x08000212   0x00000006   Code   RO         6011    .ARM.Collect$$rtentry$$00000004  c_w.l(__rtentry4.o)
    0x08000218   0x00000000   Code   RO         6001    .ARM.Collect$$rtentry$$00000009  c_w.l(__rtentry2.o)
    0x08000218   0x00000004   Code   RO         6002    .ARM.Collect$$rtentry$$0000000A  c_w.l(__rtentry2.o)
    0x0800021c   0x00000000   Code   RO         6004    .ARM.Collect$$rtentry$$0000000C  c_w.l(__rtentry2.o)
    0x0800021c   0x00000008   Code   RO         6005    .ARM.Collect$$rtentry$$0000000D  c_w.l(__rtentry2.o)
    0x08000224   0x00000002   Code   RO         6158    .ARM.Collect$$rtexit$$00000000  c_w.l(rtexit.o)
    0x08000226   0x00000000   Code   RO         6189    .ARM.Collect$$rtexit$$00000002  c_w.l(rtexit2.o)
    0x08000226   0x00000004   Code   RO         6190    .ARM.Collect$$rtexit$$00000003  c_w.l(rtexit2.o)
    0x0800022a   0x00000006   Code   RO         6191    .ARM.Collect$$rtexit$$00000004  c_w.l(rtexit2.o)
    0x08000230   0x00000000   Code   RO         6025    .emb_text           c_w.l(maybetermalloc1.o)
    0x08000230   0x00000040   Code   RO            4    .text               startup_stm32f103xe.o
    0x08000270   0x000000b8   Code   RO         5506    .text               c_w.l(h1_realloc.o)
    0x08000328   0x00000028   Code   RO         5564    .text               c_w.l(noretval__2sprintf.o)
    0x08000350   0x0000010e   Code   RO         5576    .text               c_w.l(__printf_wp.o)
    0x0800045e   0x0000003e   Code   RO         5590    .text               c_w.l(strlen.o)
    0x0800049c   0x0000008a   Code   RO         5592    .text               c_w.l(rt_memcpy_v6.o)
    0x08000526   0x00000064   Code   RO         5594    .text               c_w.l(rt_memcpy_w.o)
    0x0800058a   0x0000004e   Code   RO         5596    .text               c_w.l(rt_memclr_w.o)
    0x080005d8   0x00000006   Code   RO         5598    .text               c_w.l(heapauxi.o)
    0x080005de   0x00000002   PAD
    0x080005e0   0x00000024   Code   RO         5605    .text               c_w.l(init_aeabi.o)
    0x08000604   0x00000008   Code   RO         5833    .text               c_w.l(rt_heap_descriptor_intlibspace.o)
    0x0800060c   0x00000004   Code   RO         5835    .text               c_w.l(hguard.o)
    0x08000610   0x0000008a   Code   RO         5837    .text               c_w.l(init_alloc.o)
    0x0800069a   0x0000005e   Code   RO         5845    .text               c_w.l(h1_alloc.o)
    0x080006f8   0x0000004e   Code   RO         5847    .text               c_w.l(h1_free.o)
    0x08000746   0x00000016   Code   RO         5863    .text               c_w.l(_rserrno.o)
    0x0800075c   0x0000041a   Code   RO         5865    .text               c_w.l(_printf_fp_dec.o)
    0x08000b76   0x00000002   PAD
    0x08000b78   0x00000030   Code   RO         5867    .text               c_w.l(_printf_char_common.o)
    0x08000ba8   0x0000000a   Code   RO         5869    .text               c_w.l(_sputc.o)
    0x08000bb2   0x0000000e   Code   RO         5872    .text               c_w.l(defsig_pvfn_outer.o)
    0x08000bc0   0x00000008   Code   RO         5995    .text               c_w.l(libspace.o)
    0x08000bc8   0x00000008   Code   RO         6018    .text               c_w.l(rt_locale_intlibspace.o)
    0x08000bd0   0x00000008   Code   RO         6023    .text               c_w.l(rt_errno_addr_intlibspace.o)
    0x08000bd8   0x0000000e   Code   RO         6027    .text               c_w.l(h1_init.o)
    0x08000be6   0x00000034   Code   RO         6029    .text               c_w.l(h1_extend.o)
    0x08000c1a   0x0000008a   Code   RO         6035    .text               c_w.l(lludiv10.o)
    0x08000ca4   0x00000080   Code   RO         6037    .text               c_w.l(_printf_fp_infnan.o)
    0x08000d24   0x000000dc   Code   RO         6041    .text               c_w.l(bigflt0.o)
    0x08000e00   0x0000000a   Code   RO         6069    .text               c_w.l(defsig_exit.o)
    0x08000e0a   0x0000000e   Code   RO         6071    .text               c_w.l(defsig_rtmem_outer.o)
    0x08000e18   0x00000030   Code   RO         6075    .text               c_w.l(defsig_pvfn_inner.o)
    0x08000e48   0x0000000c   Code   RO         6111    .text               c_w.l(sys_exit.o)
    0x08000e54   0x0000004a   Code   RO         6113    .text               c_w.l(sys_stackheap_outer.o)
    0x08000e9e   0x00000012   Code   RO         6124    .text               c_w.l(exit.o)
    0x08000eb0   0x00000032   Code   RO         6130    .text               c_w.l(defsig_general.o)
    0x08000ee2   0x00000002   PAD
    0x08000ee4   0x00000050   Code   RO         6132    .text               c_w.l(defsig_rtmem_inner.o)
    0x08000f34   0x00000080   Code   RO         6134    .text               c_w.l(strcmpv7m.o)
    0x08000fb4   0x0000000e   Code   RO         6153    .text               c_w.l(sys_wrch.o)
    0x08000fc2   0x00000002   Code   RO         6155    .text               c_w.l(use_no_semi.o)
    0x08000fc4   0x00000000   Code   RO         6157    .text               c_w.l(indicate_semi.o)
    0x08000fc4   0x0000003e   Code   RO         6044    CL$$btod_d2e        c_w.l(btod.o)
    0x08001002   0x00000046   Code   RO         6046    CL$$btod_d2e_denorm_low  c_w.l(btod.o)
    0x08001048   0x00000060   Code   RO         6045    CL$$btod_d2e_norm_op1  c_w.l(btod.o)
    0x080010a8   0x00000338   Code   RO         6054    CL$$btod_div_common  c_w.l(btod.o)
    0x080013e0   0x000000c6   Code   RO         6051    CL$$btod_e2e        c_w.l(btod.o)
    0x080014a6   0x00000028   Code   RO         6048    CL$$btod_ediv       c_w.l(btod.o)
    0x080014ce   0x00000028   Code   RO         6047    CL$$btod_emul       c_w.l(btod.o)
    0x080014f6   0x00000244   Code   RO         6053    CL$$btod_mult_common  c_w.l(btod.o)
    0x0800173a   0x00000004   Code   RO          473    i.BusFault_Handler  stm32f1xx_it.o
    0x0800173e   0x00000002   PAD
    0x08001740   0x00000078   Code   RO         4037    i.Butterworth30HzLPF  filter_1.o
    0x080017b8   0x000000a0   Code   RO         4038    i.Butterworth50HzLPF  filter_1.o
    0x08001858   0x00000010   Code   RO          474    i.DMA1_Channel4_IRQHandler  stm32f1xx_it.o
    0x08001868   0x00000010   Code   RO          475    i.DMA1_Channel5_IRQHandler  stm32f1xx_it.o
    0x08001878   0x00000010   Code   RO          476    i.DMA1_Channel6_IRQHandler  stm32f1xx_it.o
    0x08001888   0x00000010   Code   RO          477    i.DMA1_Channel7_IRQHandler  stm32f1xx_it.o
    0x08001898   0x00000002   Code   RO          478    i.DebugMon_Handler  stm32f1xx_it.o
    0x0800189a   0x00000006   Code   RO           13    i.Error_Handler     main.o
    0x080018a0   0x000000a4   Code   RO         4151    i.Get_Gyro_Static_Error  seekfree_icm20602.o
    0x08001944   0x00000056   Code   RO         1539    i.HAL_DMA_Abort     stm32f1xx_hal_dma.o
    0x0800199a   0x00000002   PAD
    0x0800199c   0x000001a8   Code   RO         1540    i.HAL_DMA_Abort_IT  stm32f1xx_hal_dma.o
    0x08001b44   0x00000398   Code   RO         1544    i.HAL_DMA_IRQHandler  stm32f1xx_hal_dma.o
    0x08001edc   0x0000008c   Code   RO         1545    i.HAL_DMA_Init      stm32f1xx_hal_dma.o
    0x08001f68   0x0000009c   Code   RO         1548    i.HAL_DMA_Start_IT  stm32f1xx_hal_dma.o
    0x08002004   0x00000028   Code   RO         1112    i.HAL_Delay         stm32f1xx_hal.o
    0x0800202c   0x00000340   Code   RO         1468    i.HAL_GPIO_Init     stm32f1xx_hal_gpio.o
    0x0800236c   0x00000010   Code   RO         1470    i.HAL_GPIO_ReadPin  stm32f1xx_hal_gpio.o
    0x0800237c   0x00000014   Code   RO         1471    i.HAL_GPIO_TogglePin  stm32f1xx_hal_gpio.o
    0x08002390   0x0000000c   Code   RO         1472    i.HAL_GPIO_WritePin  stm32f1xx_hal_gpio.o
    0x0800239c   0x0000000c   Code   RO         1116    i.HAL_GetTick       stm32f1xx_hal.o
    0x080023a8   0x00000018   Code   RO         1122    i.HAL_IncTick       stm32f1xx_hal.o
    0x080023c0   0x00000028   Code   RO         1123    i.HAL_Init          stm32f1xx_hal.o
    0x080023e8   0x0000004c   Code   RO         1124    i.HAL_InitTick      stm32f1xx_hal.o
    0x08002434   0x0000005c   Code   RO          607    i.HAL_MspInit       stm32f1xx_hal_msp.o
    0x08002490   0x00000020   Code   RO         1649    i.HAL_NVIC_EnableIRQ  stm32f1xx_hal_cortex.o
    0x080024b0   0x0000007c   Code   RO         1655    i.HAL_NVIC_SetPriority  stm32f1xx_hal_cortex.o
    0x0800252c   0x00000028   Code   RO         1656    i.HAL_NVIC_SetPriorityGrouping  stm32f1xx_hal_cortex.o
    0x08002554   0x0000018c   Code   RO         1305    i.HAL_RCC_ClockConfig  stm32f1xx_hal_rcc.o
    0x080026e0   0x0000000c   Code   RO         1310    i.HAL_RCC_GetHCLKFreq  stm32f1xx_hal_rcc.o
    0x080026ec   0x00000020   Code   RO         1312    i.HAL_RCC_GetPCLK1Freq  stm32f1xx_hal_rcc.o
    0x0800270c   0x00000020   Code   RO         1313    i.HAL_RCC_GetPCLK2Freq  stm32f1xx_hal_rcc.o
    0x0800272c   0x00000094   Code   RO         1314    i.HAL_RCC_GetSysClockFreq  stm32f1xx_hal_rcc.o
    0x080027c0   0x00000464   Code   RO         1317    i.HAL_RCC_OscConfig  stm32f1xx_hal_rcc.o
    0x08002c24   0x000000be   Code   RO          739    i.HAL_SPI_Init      stm32f1xx_hal_spi.o
    0x08002ce2   0x00000002   PAD
    0x08002ce4   0x00000088   Code   RO          286    i.HAL_SPI_MspInit   spi.o
    0x08002d6c   0x00000034   Code   RO         1660    i.HAL_SYSTICK_Config  stm32f1xx_hal_cortex.o
    0x08002da0   0x00000002   Code   RO         3085    i.HAL_TIMEx_BreakCallback  stm32f1xx_hal_tim_ex.o
    0x08002da2   0x00000002   Code   RO         3086    i.HAL_TIMEx_CommutCallback  stm32f1xx_hal_tim_ex.o
    0x08002da4   0x00000074   Code   RO         3088    i.HAL_TIMEx_ConfigBreakDeadTime  stm32f1xx_hal_tim_ex.o
    0x08002e18   0x0000009c   Code   RO         3104    i.HAL_TIMEx_MasterConfigSynchronization  stm32f1xx_hal_tim_ex.o
    0x08002eb4   0x00000066   Code   RO         2251    i.HAL_TIM_Base_Init  stm32f1xx_hal_tim.o
    0x08002f1a   0x00000002   PAD
    0x08002f1c   0x000000e0   Code   RO          331    i.HAL_TIM_Base_MspInit  tim.o
    0x08002ffc   0x00000090   Code   RO         2256    i.HAL_TIM_Base_Start_IT  stm32f1xx_hal_tim.o
    0x0800308c   0x00000108   Code   RO         2260    i.HAL_TIM_ConfigClockSource  stm32f1xx_hal_tim.o
    0x08003194   0x00000002   Code   RO         2285    i.HAL_TIM_IC_CaptureCallback  stm32f1xx_hal_tim.o
    0x08003196   0x00000196   Code   RO         2299    i.HAL_TIM_IRQHandler  stm32f1xx_hal_tim.o
    0x0800332c   0x00000140   Code   RO          332    i.HAL_TIM_MspPostInit  tim.o
    0x0800346c   0x00000002   Code   RO         2302    i.HAL_TIM_OC_DelayElapsedCallback  stm32f1xx_hal_tim.o
    0x0800346e   0x000000fc   Code   RO         2323    i.HAL_TIM_PWM_ConfigChannel  stm32f1xx_hal_tim.o
    0x0800356a   0x00000066   Code   RO         2326    i.HAL_TIM_PWM_Init  stm32f1xx_hal_tim.o
    0x080035d0   0x00000002   Code   RO         2328    i.HAL_TIM_PWM_MspInit  stm32f1xx_hal_tim.o
    0x080035d2   0x00000002   Code   RO         2329    i.HAL_TIM_PWM_PulseFinishedCallback  stm32f1xx_hal_tim.o
    0x080035d4   0x000000f4   Code   RO         2331    i.HAL_TIM_PWM_Start  stm32f1xx_hal_tim.o
    0x080036c8   0x00000264   Code   RO           14    i.HAL_TIM_PeriodElapsedCallback  main.o
    0x0800392c   0x00000002   Code   RO         2342    i.HAL_TIM_TriggerCallback  stm32f1xx_hal_tim.o
    0x0800392e   0x00000002   Code   RO         3405    i.HAL_UARTEx_RxEventCallback  stm32f1xx_hal_uart.o
    0x08003930   0x00000002   Code   RO         3419    i.HAL_UART_ErrorCallback  stm32f1xx_hal_uart.o
    0x08003932   0x00000002   PAD
    0x08003934   0x0000024c   Code   RO         3422    i.HAL_UART_IRQHandler  stm32f1xx_hal_uart.o
    0x08003b80   0x00000072   Code   RO         3423    i.HAL_UART_Init     stm32f1xx_hal_uart.o
    0x08003bf2   0x00000002   PAD
    0x08003bf4   0x000001fc   Code   RO          411    i.HAL_UART_MspInit  usart.o
    0x08003df0   0x00000042   Code   RO         3427    i.HAL_UART_Receive_DMA  stm32f1xx_hal_uart.o
    0x08003e32   0x00000042   Code   RO         3428    i.HAL_UART_Receive_IT  stm32f1xx_hal_uart.o
    0x08003e74   0x00000038   Code   RO           15    i.HAL_UART_RxCpltCallback  main.o
    0x08003eac   0x00000002   Code   RO         3430    i.HAL_UART_RxHalfCpltCallback  stm32f1xx_hal_uart.o
    0x08003eae   0x00000002   PAD
    0x08003eb0   0x0000009c   Code   RO         3432    i.HAL_UART_Transmit_DMA  stm32f1xx_hal_uart.o
    0x08003f4c   0x00000014   Code   RO           16    i.HAL_UART_TxCpltCallback  main.o
    0x08003f60   0x00000002   Code   RO         3435    i.HAL_UART_TxHalfCpltCallback  stm32f1xx_hal_uart.o
    0x08003f62   0x00000004   Code   RO          479    i.HardFault_Handler  stm32f1xx_it.o
    0x08003f66   0x00000002   PAD
    0x08003f68   0x000000c8   Code   RO         4614    i.IMU_Data_Init     excavatorsettings.o
    0x08004030   0x00000066   Code   RO         4073    i.IMUs_update       mahony_filter.o
    0x08004096   0x00000002   PAD
    0x08004098   0x00000098   Code   RO         4074    i.IMUupdate         mahony_filter.o
    0x08004130   0x00000056   Code   RO         4039    i.LPFUpdate6axis    filter_1.o
    0x08004186   0x00000002   PAD
    0x08004188   0x00000064   Code   RO          260    i.MX_DMA_Init       dma.o
    0x080041ec   0x0000015c   Code   RO          235    i.MX_GPIO_Init      gpio.o
    0x08004348   0x00000048   Code   RO          287    i.MX_SPI2_Init      spi.o
    0x08004390   0x000000b0   Code   RO          333    i.MX_TIM2_Init      tim.o
    0x08004440   0x000000d4   Code   RO          334    i.MX_TIM3_Init      tim.o
    0x08004514   0x000000d4   Code   RO          335    i.MX_TIM4_Init      tim.o
    0x080045e8   0x0000004c   Code   RO          336    i.MX_TIM6_Init      tim.o
    0x08004634   0x00000108   Code   RO          337    i.MX_TIM8_Init      tim.o
    0x0800473c   0x00000038   Code   RO          412    i.MX_USART1_UART_Init  usart.o
    0x08004774   0x00000038   Code   RO          413    i.MX_USART2_UART_Init  usart.o
    0x080047ac   0x00000004   Code   RO          480    i.MemManage_Handler  stm32f1xx_it.o
    0x080047b0   0x000000e4   Code   RO         3963    i.Motor_Control     drive_layer.o
    0x08004894   0x00000004   Code   RO          481    i.NMI_Handler       stm32f1xx_it.o
    0x08004898   0x00000128   Code   RO         3901    i.PID_arm_controller  control_layer.o
    0x080049c0   0x00000002   Code   RO          482    i.PendSV_Handler    stm32f1xx_it.o
    0x080049c2   0x00000002   PAD
    0x080049c4   0x000000c0   Code   RO         4488    i.QuaternionReviser  robotarm.o
    0x08004a84   0x00000038   Code   RO         4015    i.RevVector_Quantification  quantization_layer.o
    0x08004abc   0x00000100   Code   RO         3902    i.RevVector_Superposition  control_layer.o
    0x08004bbc   0x000005f0   Code   RO         4489    i.RobotArm_Resolver  robotarm.o
    0x080051ac   0x00000002   Code   RO          483    i.SVC_Handler       stm32f1xx_it.o
    0x080051ae   0x00000008   Code   RO          484    i.SysTick_Handler   stm32f1xx_it.o
    0x080051b6   0x00000002   Code   RO         3823    i.SystemInit        system_stm32f1xx.o
    0x080051b8   0x00000010   Code   RO          485    i.TIM6_IRQHandler   stm32f1xx_it.o
    0x080051c8   0x0000009c   Code   RO         2344    i.TIM_Base_SetConfig  stm32f1xx_hal_tim.o
    0x08005264   0x00000022   Code   RO         2345    i.TIM_CCxChannelCmd  stm32f1xx_hal_tim.o
    0x08005286   0x00000016   Code   RO         2350    i.TIM_ETR_SetConfig  stm32f1xx_hal_tim.o
    0x0800529c   0x0000007c   Code   RO         2351    i.TIM_OC2_SetConfig  stm32f1xx_hal_tim.o
    0x08005318   0x00000098   Code   RO         3436    i.UART_Start_Receive_DMA  stm32f1xx_hal_uart.o
    0x080053b0   0x00000046   Code   RO         3437    i.UART_Start_Receive_IT  stm32f1xx_hal_uart.o
    0x080053f6   0x00000002   PAD
    0x080053f8   0x00000010   Code   RO          486    i.USART1_IRQHandler  stm32f1xx_it.o
    0x08005408   0x00000010   Code   RO          487    i.USART2_IRQHandler  stm32f1xx_it.o
    0x08005418   0x00000014   Code   RO         4738    i.USART_RxCplt_ROSCallback  uart_node.o
    0x0800542c   0x00000014   Code   RO         4739    i.USART_TxCplt_ROSCallback  uart_node.o
    0x08005440   0x00000004   Code   RO          488    i.UsageFault_Handler  stm32f1xx_it.o
    0x08005444   0x0000002a   Code   RO         3964    i.Vector_Control    drive_layer.o
    0x0800546e   0x00000002   PAD
    0x08005470   0x000000a4   Code   RO         3965    i.Vector_Control_with_Time_Limited  drive_layer.o
    0x08005514   0x000000e0   Code   RO         4740    i._Z12IMU_Data_pubv  uart_node.o
    0x080055f4   0x00000090   Code   RO         4741    i._Z15Joint_State_pubv  uart_node.o
    0x08005684   0x00000066   Code   RO           17    i._Z18SystemClock_Configv  main.o
    0x080056ea   0x00000002   PAD
    0x080056ec   0x0000004c   Code   RO         4153    i._Z18icm_simspi_wr_byteh  seekfree_icm20602.o
    0x08005738   0x0000005c   Code   RO         4742    i._Z18motor_cmd_CallbackRKN13geometry_msgs5TwistE  uart_node.o
    0x08005794   0x000000ac   Code   RO         4490    i._Z1QffPf          robotarm.o
    0x08005840   0x0000067c   Code   RO         4075    i._Z20Attitude_Computation18Filter6axisTypeDefP8IMU_data  mahony_filter.o
    0x08005ebc   0x0000009e   Code   RO         4158    i._Z20icm20602_init_simspi14ICM_CS_POINTER  seekfree_icm20602.o
    0x08005f5a   0x0000001e   Code   RO         4160    i._Z20icm20602_self4_checkP12GPIO_TypeDeft  seekfree_icm20602.o
    0x08005f78   0x00000036   Code   RO         4163    i._Z21icm_simspi_r_reg_bytehPhP12GPIO_TypeDeft  seekfree_icm20602.o
    0x08005fae   0x00000032   Code   RO         4164    i._Z21icm_simspi_w_reg_bytehhP12GPIO_TypeDeft  seekfree_icm20602.o
    0x08005fe0   0x00000046   Code   RO         4165    i._Z22icm_simspi_r_reg_byteshPhhP12GPIO_TypeDeft  seekfree_icm20602.o
    0x08006026   0x00000002   PAD
    0x08006028   0x00000178   Code   RO         4167    i._Z24get_icm20602_data_simspi14ICM_CS_POINTERP8IMU_data  seekfree_icm20602.o
    0x080061a0   0x00000014   Code   RO         4743    i._Z24joint_state_cmd_CallbackRKN11sensor_msgs10JointStateE  uart_node.o
    0x080061b4   0x0000010e   Code   RO         4491    i._Z3DotPfS_S_      robotarm.o
    0x080062c2   0x0000001e   Code   RO         4494    i._Z4ConjPfS_       robotarm.o
    0x080062e0   0x00000046   Code   RO         4495    i._Z4QrotPfS_S_     robotarm.o
    0x08006326   0x00000062   Code   RO         4496    i._Z5CrossPfS_S_    robotarm.o
    0x08006388   0x000000ec   Code   RO         4497    i._Z7jiajiaoPfS_    robotarm.o
    0x08006474   0x00000082   Code   RO         4498    i._Z9lxiangduiPfS_S_  robotarm.o
    0x080064f6   0x00000394   Code   RO         4939    i._ZN11sensor_msgs10JointState11deserializeEPh  uart_node.o
    0x0800688a   0x00000002   PAD
    0x0800688c   0x0000000c   Code   RO         5127    i._ZN11sensor_msgs10JointState6getMD5Ev  uart_node.o
    0x08006898   0x0000000c   Code   RO         5115    i._ZN11sensor_msgs10JointState7getTypeEv  uart_node.o
    0x080068a4   0x00000034   Code   RO         4927    i._ZN11sensor_msgs10JointStateC1Ev  uart_node.o
    0x080068d8   0x0000000c   Code   RO         5301    i._ZN11sensor_msgs3Imu6getMD5Ev  uart_node.o
    0x080068e4   0x0000000c   Code   RO         5295    i._ZN11sensor_msgs3Imu7getTypeEv  uart_node.o
    0x080068f0   0x00000080   Code   RO         5029    i._ZN11sensor_msgs3ImuC1Ev  uart_node.o
    0x08006970   0x00000012   Code   RO         4987    i._ZN13STM32Hardware10reset_rbufEv  uart_node.o
    0x08006982   0x0000000a   Code   RO         4999    i._ZN13STM32Hardware4timeEv  uart_node.o
    0x0800698c   0x00000074   Code   RO         4839    i._ZN13STM32Hardware5flushEv  uart_node.o
    0x08006a00   0x00000072   Code   RO         5313    i._ZN13STM32Hardware5writeEPhi  uart_node.o
    0x08006a72   0x00000002   PAD
    0x08006a74   0x0000000c   Code   RO         5277    i._ZN13geometry_msgs10Quaternion6getMD5Ev  uart_node.o
    0x08006a80   0x0000000c   Code   RO         5271    i._ZN13geometry_msgs10Quaternion7getTypeEv  uart_node.o
    0x08006a8c   0x00000024   Code   RO         4957    i._ZN13geometry_msgs5Twist11deserializeEPh  uart_node.o
    0x08006ab0   0x0000000c   Code   RO         5163    i._ZN13geometry_msgs5Twist6getMD5Ev  uart_node.o
    0x08006abc   0x0000000c   Code   RO         5151    i._ZN13geometry_msgs5Twist7getTypeEv  uart_node.o
    0x08006ac8   0x0000020e   Code   RO         4951    i._ZN13geometry_msgs7Vector311deserializeEPh  uart_node.o
    0x08006cd6   0x00000002   PAD
    0x08006cd8   0x0000000c   Code   RO         5259    i._ZN13geometry_msgs7Vector36getMD5Ev  uart_node.o
    0x08006ce4   0x0000000c   Code   RO         5253    i._ZN13geometry_msgs7Vector37getTypeEv  uart_node.o
    0x08006cf0   0x00000028   Code   RO         4945    i._ZN13geometry_msgs7Vector3C1Ev  uart_node.o
    0x08006d18   0x00000184   Code   RO         4883    i._ZN14rosserial_msgs20RequestParamResponse11deserializeEPh  uart_node.o
    0x08006e9c   0x0000000c   Code   RO         5247    i._ZN14rosserial_msgs20RequestParamResponse6getMD5Ev  uart_node.o
    0x08006ea8   0x0000000c   Code   RO         5241    i._ZN14rosserial_msgs20RequestParamResponse7getTypeEv  uart_node.o
    0x08006eb4   0x0000000c   Code   RO         5341    i._ZN14rosserial_msgs3Log6getMD5Ev  uart_node.o
    0x08006ec0   0x0000000c   Code   RO         5335    i._ZN14rosserial_msgs3Log7getTypeEv  uart_node.o
    0x08006ecc   0x0000000c   Code   RO         5229    i._ZN14rosserial_msgs9TopicInfo6getMD5Ev  uart_node.o
    0x08006ed8   0x0000000c   Code   RO         5223    i._ZN14rosserial_msgs9TopicInfo7getTypeEv  uart_node.o
    0x08006ee4   0x0000000c   Code   RO         5020    i._ZN3ros11Subscriber_C2Ev  uart_node.o
    0x08006ef0   0x00000024   Code   RO         4699    i._ZN3ros16normalizeSecNSecERjS0_  time.o
    0x08006f14   0x0000000c   Code   RO         5005    i._ZN3ros3MsgC2Ev   uart_node.o
    0x08006f20   0x00000008   Code   RO         4993    i._ZN3ros4TimeC1Ev  uart_node.o
    0x08006f28   0x00000014   Code   RO         4845    i._ZN3ros9Publisher7publishEPKNS_3MsgE  uart_node.o
    0x08006f3c   0x00000008   Code   RO         5014    i._ZN3ros9PublisherC1EPKcPNS_3MsgEi  uart_node.o
    0x08006f44   0x0000002c   Code   RO         1551    i._ZN41_INTERNAL_19_stm32f1xx_hal_dma_c_c25f65ec13DMA_SetConfigEP19__DMA_HandleTypeDefjjj  stm32f1xx_hal_dma.o
    0x08006f70   0x00000028   Code   RO         1318    i._ZN41_INTERNAL_19_stm32f1xx_hal_rcc_c_b7071a4b9RCC_DelayEj  stm32f1xx_hal_rcc.o
    0x08006f98   0x00000070   Code   RO         2353    i._ZN41_INTERNAL_19_stm32f1xx_hal_tim_c_a9d95b5217TIM_OC1_SetConfigEP11TIM_TypeDefP18TIM_OC_InitTypeDef  stm32f1xx_hal_tim.o
    0x08007008   0x00000078   Code   RO         2354    i._ZN41_INTERNAL_19_stm32f1xx_hal_tim_c_a9d95b5217TIM_OC3_SetConfigEP11TIM_TypeDefP18TIM_OC_InitTypeDef  stm32f1xx_hal_tim.o
    0x08007080   0x00000054   Code   RO         2355    i._ZN41_INTERNAL_19_stm32f1xx_hal_tim_c_a9d95b5217TIM_OC4_SetConfigEP11TIM_TypeDefP18TIM_OC_InitTypeDef  stm32f1xx_hal_tim.o
    0x080070d4   0x00000012   Code   RO         2360    i._ZN41_INTERNAL_19_stm32f1xx_hal_tim_c_a9d95b5218TIM_ITRx_SetConfigEP11TIM_TypeDefj  stm32f1xx_hal_tim.o
    0x080070e6   0x00000026   Code   RO         2365    i._ZN41_INTERNAL_19_stm32f1xx_hal_tim_c_a9d95b5224TIM_TI1_ConfigInputStageEP11TIM_TypeDefjj  stm32f1xx_hal_tim.o
    0x0800710c   0x00000028   Code   RO         2366    i._ZN41_INTERNAL_19_stm32f1xx_hal_tim_c_a9d95b5224TIM_TI2_ConfigInputStageEP11TIM_TypeDefjj  stm32f1xx_hal_tim.o
    0x08007134   0x00000050   Code   RO         3438    i._ZN42_INTERNAL_20_stm32f1xx_hal_uart_c_d497114f13UART_DMAErrorEP19__DMA_HandleTypeDef  stm32f1xx_hal_uart.o
    0x08007184   0x000000fc   Code   RO         3439    i._ZN42_INTERNAL_20_stm32f1xx_hal_uart_c_d497114f14UART_SetConfigEP20__UART_HandleTypeDef  stm32f1xx_hal_uart.o
    0x08007280   0x000000e4   Code   RO         3440    i._ZN42_INTERNAL_20_stm32f1xx_hal_uart_c_d497114f15UART_Receive_ITEP20__UART_HandleTypeDef  stm32f1xx_hal_uart.o
    0x08007364   0x00000060   Code   RO         3441    i._ZN42_INTERNAL_20_stm32f1xx_hal_uart_c_d497114f16UART_Transmit_ITEP20__UART_HandleTypeDef  stm32f1xx_hal_uart.o
    0x080073c4   0x00000020   Code   RO         3442    i._ZN42_INTERNAL_20_stm32f1xx_hal_uart_c_d497114f18UART_DMARxHalfCpltEP19__DMA_HandleTypeDef  stm32f1xx_hal_uart.o
    0x080073e4   0x0000000e   Code   RO         3443    i._ZN42_INTERNAL_20_stm32f1xx_hal_uart_c_d497114f18UART_DMATxHalfCpltEP19__DMA_HandleTypeDef  stm32f1xx_hal_uart.o
    0x080073f2   0x00000036   Code   RO         3444    i._ZN42_INTERNAL_20_stm32f1xx_hal_uart_c_d497114f18UART_EndRxTransferEP20__UART_HandleTypeDef  stm32f1xx_hal_uart.o
    0x08007428   0x00000014   Code   RO         3445    i._ZN42_INTERNAL_20_stm32f1xx_hal_uart_c_d497114f18UART_EndTxTransferEP20__UART_HandleTypeDef  stm32f1xx_hal_uart.o
    0x0800743c   0x00000068   Code   RO         3446    i._ZN42_INTERNAL_20_stm32f1xx_hal_uart_c_d497114f19UART_DMAReceiveCpltEP19__DMA_HandleTypeDef  stm32f1xx_hal_uart.o
    0x080074a4   0x00000020   Code   RO         3447    i._ZN42_INTERNAL_20_stm32f1xx_hal_uart_c_d497114f19UART_EndTransmit_ITEP20__UART_HandleTypeDef  stm32f1xx_hal_uart.o
    0x080074c4   0x00000014   Code   RO         3448    i._ZN42_INTERNAL_20_stm32f1xx_hal_uart_c_d497114f20UART_DMAAbortOnErrorEP19__DMA_HandleTypeDef  stm32f1xx_hal_uart.o
    0x080074d8   0x00000036   Code   RO         3449    i._ZN42_INTERNAL_20_stm32f1xx_hal_uart_c_d497114f20UART_DMATransmitCpltEP19__DMA_HandleTypeDef  stm32f1xx_hal_uart.o
    0x0800750e   0x00000002   PAD
    0x08007510   0x00000028   Code   RO         1662    i._ZN44_INTERNAL_22_stm32f1xx_hal_cortex_c_2992dbc018__NVIC_SetPriorityE9IRQn_Typej  stm32f1xx_hal_cortex.o
    0x08007538   0x00000010   Code   RO         1663    i._ZN44_INTERNAL_22_stm32f1xx_hal_cortex_c_2992dbc026__NVIC_GetPriorityGroupingEv  stm32f1xx_hal_cortex.o
    0x08007548   0x0000005c   Code   RO         4889    i._ZN8std_msgs4Time11deserializeEPh  uart_node.o
    0x080075a4   0x0000000c   Code   RO         5193    i._ZN8std_msgs4Time6getMD5Ev  uart_node.o
    0x080075b0   0x0000000c   Code   RO         5187    i._ZN8std_msgs4Time7getTypeEv  uart_node.o
    0x080075bc   0x00000020   Code   RO         4864    i._ZN8std_msgs4TimeC1Ev  uart_node.o
    0x080075dc   0x000000bc   Code   RO         4933    i._ZN8std_msgs6Header11deserializeEPh  uart_node.o
    0x08007698   0x0000000c   Code   RO         5205    i._ZN8std_msgs6Header6getMD5Ev  uart_node.o
    0x080076a4   0x0000000c   Code   RO         5199    i._ZN8std_msgs6Header7getTypeEv  uart_node.o
    0x080076b0   0x00000030   Code   RO         4921    i._ZN8std_msgs6HeaderC1Ev  uart_node.o
    0x080076e0   0x000001fe   Code   RO         5307    i._ZNK11sensor_msgs10JointState9serializeEPh  uart_node.o
    0x080078de   0x0000016c   Code   RO         5283    i._ZNK11sensor_msgs3Imu9serializeEPh  uart_node.o
    0x08007a4a   0x00000164   Code   RO         4975    i._ZNK13geometry_msgs10Quaternion9serializeEPh  uart_node.o
    0x08007bae   0x00000024   Code   RO         5265    i._ZNK13geometry_msgs5Twist9serializeEPh  uart_node.o
    0x08007bd2   0x0000010e   Code   RO         4969    i._ZNK13geometry_msgs7Vector39serializeEPh  uart_node.o
    0x08007ce0   0x00000100   Code   RO         5235    i._ZNK14rosserial_msgs20RequestParamResponse9serializeEPh  uart_node.o
    0x08007de0   0x00000034   Code   RO         5323    i._ZNK14rosserial_msgs3Log9serializeEPh  uart_node.o
    0x08007e14   0x0000009a   Code   RO         5211    i._ZNK14rosserial_msgs9TopicInfo9serializeEPh  uart_node.o
    0x08007eae   0x00000044   Code   RO         5181    i._ZNK8std_msgs4Time9serializeEPh  uart_node.o
    0x08007ef2   0x00000088   Code   RO         4963    i._ZNK8std_msgs6Header9serializeEPh  uart_node.o
    0x08007f7a   0x0000000c   Code   RO         4588    i._ZSt4asinf        robotarm.o
    0x08007f86   0x0000000c   Code   RO         4115    i._ZSt4sqrtf        mahony_filter.o
    0x08007f92   0x00000010   Code   RO         4109    i._ZSt5atan2ff      mahony_filter.o
    0x08007fa2   0x00000028   Code   RO         6105    i.__ARM_fpclassify  m_ws.l(fpclassify.o)
    0x08007fca   0x00000026   Code   RO         5968    i.__ARM_fpclassifyf  m_ws.l(fpclassifyf.o)
    0x08007ff0   0x00000006   Code   RO         5608    i.__cxa_pure_virtual  cpprt_w.l(pure_virt.o)
    0x08007ff6   0x00000002   PAD
    0x08007ff8   0x00000388   Code   RO         5984    i.__ieee754_rem_pio2  m_ws.l(rred.o)
    0x08008380   0x000000fc   Code   RO         5951    i.__kernel_cos      m_ws.l(cos_i.o)
    0x0800847c   0x000000aa   Code   RO         6107    i.__kernel_poly     m_ws.l(poly.o)
    0x08008526   0x00000002   PAD
    0x08008528   0x000000ec   Code   RO         5989    i.__kernel_sin      m_ws.l(sin_i.o)
    0x08008614   0x00000006   Code   RO         5955    i.__mathlib_dbl_infnan  m_ws.l(dunder.o)
    0x0800861a   0x0000000c   Code   RO         5957    i.__mathlib_dbl_invalid  m_ws.l(dunder.o)
    0x08008626   0x00000002   PAD
    0x08008628   0x00000010   Code   RO         5960    i.__mathlib_dbl_underflow  m_ws.l(dunder.o)
    0x08008638   0x00000006   Code   RO         5971    i.__mathlib_flt_infnan  m_ws.l(funder.o)
    0x0800863e   0x00000004   Code   RO         5972    i.__mathlib_flt_infnan2  m_ws.l(funder.o)
    0x08008642   0x00000008   Code   RO         5973    i.__mathlib_flt_invalid  m_ws.l(funder.o)
    0x0800864a   0x0000000a   Code   RO         5976    i.__mathlib_flt_underflow  m_ws.l(funder.o)
    0x08008654   0x000000d0   Code   RO         4744    i.__sti___11_uart_node_c_nh  uart_node.o
    0x08008724   0x0000000e   Code   RO         5578    i._is_digit         c_w.l(__printf_wp.o)
    0x08008732   0x00000002   PAD
    0x08008734   0x0000011c   Code   RO         5780    i.acosf             m_ws.l(acosf.o)
    0x08008850   0x00000124   Code   RO         5788    i.asinf             m_ws.l(asinf.o)
    0x08008974   0x0000025c   Code   RO         5796    i.atan2f            m_ws.l(atan2f.o)
    0x08008bd0   0x0000009c   Code   RO         5804    i.cos               m_ws.l(cos.o)
    0x08008c6c   0x00000010   Code   RO         4170    i.get_icm20602_data  seekfree_icm20602.o
    0x08008c7c   0x00000188   Code   RO         4171    i.get_icm20602_imu4_remap_data_simspi  seekfree_icm20602.o
    0x08008e04   0x0000000c   Code   RO         4172    i.icm20602_init     seekfree_icm20602.o
    0x08008e10   0x00000128   Code   RO         3862    i.key_teleop_ctrl   abstract_layer.o
    0x08008f38   0x00000078   Code   RO         4745    i.loop              uart_node.o
    0x08008fb0   0x00000170   Code   RO           18    i.main              main.o
    0x08009120   0x0000009c   Code   RO         4746    i.setup             uart_node.o
    0x080091bc   0x000000a0   Code   RO         5812    i.sin               m_ws.l(sin.o)
    0x0800925c   0x0000002c   Code   RO         5820    i.sqrtf             m_ws.l(sqrtf.o)
    0x08009288   0x00000082   Code   RO         4499    i.xiangdui          robotarm.o
    0x0800930a   0x00000002   PAD
    0x0800930c   0x0000002c   Code   RO         6067    locale$$code        c_w.l(lc_numeric_c.o)
    0x08009338   0x0000000c   Code   RO         5121    t._ZN3ros10SubscriberIN11sensor_msgs10JointStateEvE10getMsgTypeEv  uart_node.o
    0x08009344   0x00000006   Code   RO         5139    t._ZN3ros10SubscriberIN11sensor_msgs10JointStateEvE15getEndpointTypeEv  uart_node.o
    0x0800934a   0x0000001a   Code   RO         5109    t._ZN3ros10SubscriberIN11sensor_msgs10JointStateEvE8callbackEPh  uart_node.o
    0x08009364   0x0000000c   Code   RO         5133    t._ZN3ros10SubscriberIN11sensor_msgs10JointStateEvE9getMsgMD5Ev  uart_node.o
    0x08009370   0x0000000c   Code   RO         5157    t._ZN3ros10SubscriberIN13geometry_msgs5TwistEvE10getMsgTypeEv  uart_node.o
    0x0800937c   0x00000006   Code   RO         5175    t._ZN3ros10SubscriberIN13geometry_msgs5TwistEvE15getEndpointTypeEv  uart_node.o
    0x08009382   0x0000001a   Code   RO         5145    t._ZN3ros10SubscriberIN13geometry_msgs5TwistEvE8callbackEPh  uart_node.o
    0x0800939c   0x0000000c   Code   RO         5169    t._ZN3ros10SubscriberIN13geometry_msgs5TwistEvE9getMsgMD5Ev  uart_node.o
    0x080093a8   0x0000005c   Code   RO         5023    t._ZN3ros10SubscriberIN13geometry_msgs5TwistEvEC1EPKcPFvRKS2_Ei  uart_node.o
    0x08009404   0x0000013c   Code   RO         4895    t._ZN3ros11NodeHandle_I13STM32HardwareLi25ELi25ELi512ELi512EE15negotiateTopicsEv  uart_node.o
    0x08009540   0x00000022   Code   RO         4870    t._ZN3ros11NodeHandle_I13STM32HardwareLi25ELi25ELi512ELi512EE15requestSyncTimeEv  uart_node.o
    0x08009562   0x00000052   Code   RO         4852    t._ZN3ros11NodeHandle_I13STM32HardwareLi25ELi25ELi512ELi512EE3nowEv  uart_node.o
    0x080095b4   0x00000110   Code   RO         5102    t._ZN3ros11NodeHandle_I13STM32HardwareLi25ELi25ELi512ELi512EE7publishEiPKNS_3MsgE  uart_node.o
    0x080096c4   0x000002a6   Code   RO         4902    t._ZN3ros11NodeHandle_I13STM32HardwareLi25ELi25ELi512ELi512EE8spinOnceEv  uart_node.o
    0x0800996a   0x00000002   PAD
    0x0800996c   0x000000a4   Code   RO         5008    t._ZN3ros11NodeHandle_I13STM32HardwareLi25ELi25ELi512ELi512EE8syncTimeEPh  uart_node.o
    0x08009a10   0x00000030   Code   RO         4858    t._ZN3ros11NodeHandle_I13STM32HardwareLi25ELi25ELi512ELi512EE9advertiseERNS_9PublisherE  uart_node.o
    0x08009a40   0x000000d4   Code   RO         4915    t._ZN3ros11NodeHandle_I13STM32HardwareLi25ELi25ELi512ELi512EEC1Ev  uart_node.o
    0x08009b14   0x00000020   Code   RO         4877    t._ZN3ros3Msg8arrToVarIjPhEEvRT_T0_  uart_node.o
    0x08009b34   0x00000016   Code   RO         4909    t._ZN3ros3Msg8varToArrIPhjEEvT_T0_  uart_node.o
    0x08009b4a   0x00000002   PAD
    0x08009b4c   0x00000062   Code   RO         5717    x$fpl$d2f           fz_ws.l(d2f.o)
    0x08009bae   0x00000002   PAD
    0x08009bb0   0x00000150   Code   RO         5719    x$fpl$dadd          fz_ws.l(daddsub_clz.o)
    0x08009d00   0x00000010   Code   RO         6149    x$fpl$dcheck1       fz_ws.l(dcheck1.o)
    0x08009d10   0x00000018   Code   RO         5934    x$fpl$dcmpinf       fz_ws.l(dcmpi.o)
    0x08009d28   0x000002b0   Code   RO         5726    x$fpl$ddiv          fz_ws.l(ddiv.o)
    0x08009fd8   0x0000005e   Code   RO         5729    x$fpl$dfix          fz_ws.l(dfix.o)
    0x0800a036   0x00000002   PAD
    0x0800a038   0x0000005a   Code   RO         5733    x$fpl$dfixu         fz_ws.l(dfixu.o)
    0x0800a092   0x0000002e   Code   RO         5738    x$fpl$dflt          fz_ws.l(dflt_clz.o)
    0x0800a0c0   0x00000026   Code   RO         5737    x$fpl$dfltu         fz_ws.l(dflt_clz.o)
    0x0800a0e6   0x00000002   PAD
    0x0800a0e8   0x00000078   Code   RO         5743    x$fpl$dleqf         fz_ws.l(dleqf.o)
    0x0800a160   0x00000154   Code   RO         5745    x$fpl$dmul          fz_ws.l(dmul.o)
    0x0800a2b4   0x0000009c   Code   RO         5936    x$fpl$dnaninf       fz_ws.l(dnaninf.o)
    0x0800a350   0x0000000c   Code   RO         5938    x$fpl$dretinf       fz_ws.l(dretinf.o)
    0x0800a35c   0x0000006c   Code   RO         5747    x$fpl$drleqf        fz_ws.l(drleqf.o)
    0x0800a3c8   0x00000016   Code   RO         5720    x$fpl$drsb          fz_ws.l(daddsub_clz.o)
    0x0800a3de   0x00000002   PAD
    0x0800a3e0   0x000001d4   Code   RO         5721    x$fpl$dsub          fz_ws.l(daddsub_clz.o)
    0x0800a5b4   0x00000056   Code   RO         5749    x$fpl$f2d           fz_ws.l(f2d.o)
    0x0800a60a   0x00000002   PAD
    0x0800a60c   0x000000c4   Code   RO         5751    x$fpl$fadd          fz_ws.l(faddsub_clz.o)
    0x0800a6d0   0x0000000c   Code   RO         6097    x$fpl$fcheck1       fz_ws.l(fcheck1.o)
    0x0800a6dc   0x00000018   Code   RO         5940    x$fpl$fcmpinf       fz_ws.l(fcmpi.o)
    0x0800a6f4   0x00000184   Code   RO         5758    x$fpl$fdiv          fz_ws.l(fdiv.o)
    0x0800a878   0x00000030   Code   RO         5766    x$fpl$fflt          fz_ws.l(fflt_clz.o)
    0x0800a8a8   0x00000068   Code   RO         5771    x$fpl$fleqf         fz_ws.l(fleqf.o)
    0x0800a910   0x00000102   Code   RO         5773    x$fpl$fmul          fz_ws.l(fmul.o)
    0x0800aa12   0x0000008c   Code   RO         5942    x$fpl$fnaninf       fz_ws.l(fnaninf.o)
    0x0800aa9e   0x0000000a   Code   RO         5944    x$fpl$fretinf       fz_ws.l(fretinf.o)
    0x0800aaa8   0x00000062   Code   RO         5775    x$fpl$frleqf        fz_ws.l(frleqf.o)
    0x0800ab0a   0x00000014   Code   RO         5752    x$fpl$frsb          fz_ws.l(faddsub_clz.o)
    0x0800ab1e   0x00000002   PAD
    0x0800ab20   0x00000110   Code   RO         5946    x$fpl$fsqrt         fz_ws.l(fsqrt.o)
    0x0800ac30   0x000000ea   Code   RO         5753    x$fpl$fsub          fz_ws.l(faddsub_clz.o)
    0x0800ad1a   0x00000004   Code   RO         5777    x$fpl$printf1       fz_ws.l(printf1.o)
    0x0800ad1e   0x00000064   Code   RO         6151    x$fpl$retnan        fz_ws.l(retnan.o)
    0x0800ad82   0x0000005c   Code   RO         6103    x$fpl$scalbn        fz_ws.l(scalbn.o)
    0x0800adde   0x0000004c   Code   RO         5948    x$fpl$scalbnf       fz_ws.l(scalbnf.o)
    0x0800ae2a   0x00000030   Code   RO         6186    x$fpl$trapveneer    fz_ws.l(trapv.o)
    0x0800ae5a   0x00000000   Code   RO         5950    x$fpl$usenofp       fz_ws.l(usenofp.o)
    0x0800ae5a   0x00000006   PAD
    0x0800ae60   0x00000020   Data   RO           25    .constdata          main.o
    0x0800ae80   0x00000018   Data   RO         3826    .constdata          system_stm32f1xx.o
    0x0800ae98   0x00000024   Data   RO         4512    .constdata          robotarm.o
    0x0800aebc   0x00000004   PAD
    0x0800aec0   0x00000080   Data   RO         4757    .constdata          uart_node.o
    0x0800af40   0x00000030   Data   RO         5952    .constdata          m_ws.l(cos_i.o)
    0x0800af70   0x000000c8   Data   RO         5986    .constdata          m_ws.l(rred.o)
    0x0800b038   0x00000028   Data   RO         5990    .constdata          m_ws.l(sin_i.o)
    0x0800b060   0x00000094   Data   RO         6042    .constdata          c_w.l(bigflt0.o)
    0x0800b0f4   0x00000018   Data   RO         5058    .constdata__ZTVN11sensor_msgs10JointStateE  uart_node.o
    0x0800b10c   0x00000018   Data   RO         5056    .constdata__ZTVN11sensor_msgs3ImuE  uart_node.o
    0x0800b124   0x00000018   Data   RO         5054    .constdata__ZTVN13geometry_msgs10QuaternionE  uart_node.o
    0x0800b13c   0x00000018   Data   RO         5050    .constdata__ZTVN13geometry_msgs5TwistE  uart_node.o
    0x0800b154   0x00000018   Data   RO         5048    .constdata__ZTVN13geometry_msgs7Vector3E  uart_node.o
    0x0800b16c   0x00000018   Data   RO         5042    .constdata__ZTVN14rosserial_msgs20RequestParamResponseE  uart_node.o
    0x0800b184   0x00000018   Data   RO         5320    .constdata__ZTVN14rosserial_msgs3LogE  uart_node.o
    0x0800b19c   0x00000018   Data   RO         5040    .constdata__ZTVN14rosserial_msgs9TopicInfoE  uart_node.o
    0x0800b1b4   0x00000018   Data   RO         5062    .constdata__ZTVN3ros10SubscriberIN11sensor_msgs10JointStateEvEE  uart_node.o
    0x0800b1cc   0x00000018   Data   RO         5064    .constdata__ZTVN3ros10SubscriberIN13geometry_msgs5TwistEvEE  uart_node.o
    0x0800b1e4   0x00000014   Data   RO         5060    .constdata__ZTVN3ros11NodeHandle_I13STM32HardwareLi25ELi25ELi512ELi512EEE  uart_node.o
    0x0800b1f8   0x00000018   Data   RO         5046    .constdata__ZTVN3ros11Subscriber_E  uart_node.o
    0x0800b210   0x00000014   Data   RO         5044    .constdata__ZTVN3ros15NodeHandleBase_E  uart_node.o
    0x0800b224   0x00000018   Data   RO         5036    .constdata__ZTVN3ros3MsgE  uart_node.o
    0x0800b23c   0x00000018   Data   RO         5038    .constdata__ZTVN8std_msgs4TimeE  uart_node.o
    0x0800b254   0x00000018   Data   RO         5052    .constdata__ZTVN8std_msgs6HeaderE  uart_node.o
    0x0800b26c   0x00000021   Data   RO         4837    .constdata__ZZN11sensor_msgs10JointState6getMD5EvEs  uart_node.o
    0x0800b28d   0x00000017   Data   RO         4836    .constdata__ZZN11sensor_msgs10JointState7getTypeEvEs  uart_node.o
    0x0800b2a4   0x00000021   Data   RO         4835    .constdata__ZZN11sensor_msgs3Imu6getMD5EvEs  uart_node.o
    0x0800b2c5   0x00000010   Data   RO         4834    .constdata__ZZN11sensor_msgs3Imu7getTypeEvEs  uart_node.o
    0x0800b2d5   0x00000021   Data   RO         4833    .constdata__ZZN13geometry_msgs10Quaternion6getMD5EvEs  uart_node.o
    0x0800b2f6   0x00000019   Data   RO         4832    .constdata__ZZN13geometry_msgs10Quaternion7getTypeEvEs  uart_node.o
    0x0800b30f   0x00000021   Data   RO         4828    .constdata__ZZN13geometry_msgs5Twist6getMD5EvEs  uart_node.o
    0x0800b330   0x00000014   Data   RO         4827    .constdata__ZZN13geometry_msgs5Twist7getTypeEvEs  uart_node.o
    0x0800b344   0x00000021   Data   RO         4826    .constdata__ZZN13geometry_msgs7Vector36getMD5EvEs  uart_node.o
    0x0800b365   0x00000016   Data   RO         4825    .constdata__ZZN13geometry_msgs7Vector37getTypeEvEs  uart_node.o
    0x0800b37b   0x00000021   Data   RO         4824    .constdata__ZZN14rosserial_msgs20RequestParamResponse6getMD5EvEs  uart_node.o
    0x0800b39c   0x00000021   Data   RO         4823    .constdata__ZZN14rosserial_msgs3Log6getMD5EvEs  uart_node.o
    0x0800b3bd   0x00000013   Data   RO         4822    .constdata__ZZN14rosserial_msgs3Log7getTypeEvEs  uart_node.o
    0x0800b3d0   0x00000001   Data   RO         4821    .constdata__ZZN14rosserial_msgs3LogC1EvEs  uart_node.o
    0x0800b3d1   0x00000021   Data   RO         4820    .constdata__ZZN14rosserial_msgs9TopicInfo6getMD5EvEs  uart_node.o
    0x0800b3f2   0x00000019   Data   RO         4819    .constdata__ZZN14rosserial_msgs9TopicInfo7getTypeEvEs  uart_node.o
    0x0800b40b   0x00000001   Data   RO         4818    .constdata__ZZN14rosserial_msgs9TopicInfoC1EvEs  uart_node.o
    0x0800b40c   0x00000039   Data   RO         4838    .constdata__ZZN3ros11NodeHandle_I13STM32HardwareLi25ELi25ELi512ELi512EE7publishEiPKNS_3MsgEEs  uart_node.o
    0x0800b445   0x00000021   Data   RO         4817    .constdata__ZZN8std_msgs4Time6getMD5EvEs  uart_node.o
    0x0800b466   0x0000000e   Data   RO         4816    .constdata__ZZN8std_msgs4Time7getTypeEvEs  uart_node.o
    0x0800b474   0x00000021   Data   RO         4831    .constdata__ZZN8std_msgs6Header6getMD5EvEs  uart_node.o
    0x0800b495   0x00000010   Data   RO         4830    .constdata__ZZN8std_msgs6Header7getTypeEvEs  uart_node.o
    0x0800b4a5   0x00000001   Data   RO         4829    .constdata__ZZN8std_msgs6HeaderC1EvEs  uart_node.o
    0x0800b4a6   0x00000002   PAD
    0x0800b4a8   0x0000006e   Data   RO         4758    .conststring        uart_node.o
    0x0800b516   0x00000002   PAD
    0x0800b518   0x00000020   Data   RO         6212    Region$$Table       anon$$obj.o
    0x0800b538   0x0000001c   Data   RO         6066    locale$$data        c_w.l(lc_numeric_c.o)
    0x0800b554   0x00000004   Data   RO         4760    .init_array         uart_node.o
    0x0800b558   0x00000000   Data   RO         5603    .init_array         c_w.l(init_aeabi.o)


    Execution Region RW_IRAM1 (Base: 0x20000000, Size: 0x00002a58, Max: 0x0000c000, ABSOLUTE, COMPRESSED[0x000000c4])

    Base Addr    Size         Type   Attr      Idx    E Section Name        Object

    0x20000000   0x00000008   Data   RW           26    .data               main.o
    0x20000008   0x00000009   Data   RW         1155    .data               stm32f1xx_hal.o
    0x20000011   0x00000003   PAD
    0x20000014   0x00000004   Data   RW         3827    .data               system_stm32f1xx.o
    0x20000018   0x00000070   Data   RW         3906    .data               control_layer.o
    0x20000088   0x000001f0   Data   RW         3936    .data               ctrllib_settings.o
    0x20000278   0x00000008   Data   RW         4079    .data               mahony_filter.o
    0x20000280   0x00000054   Data   RW         4196    .data               seekfree_icm20602.o
    0x200002d4   0x00000010   Data   RW         4513    .data               robotarm.o
    0x200002e4   0x00000018   Data   RW         4617    .data               excavatorsettings.o
    0x200002fc   0x00000028   Data   RW         4759    .data               uart_node.o
    0x20000324   0x00000001   Data   RW         5065    .data__ZZN13STM32Hardware5flushEvE5mutex  uart_node.o
    0x20000325   0x00000003   PAD
    0x20000328   0x00000058   Zero   RW          291    .bss                spi.o
    0x20000380   0x00000168   Zero   RW          346    .bss                tim.o
    0x200004e8   0x00000328   Zero   RW          418    .bss                usart.o
    0x20000810   0x00000020   Zero   RW         3905    .bss                control_layer.o
    0x20000830   0x000000a8   Zero   RW         3935    .bss                ctrllib_settings.o
    0x200008d8   0x00000030   Zero   RW         3971    .bss                drive_layer.o
    0x20000908   0x00000510   Zero   RW         4043    .bss                filter_1.o
    0x20000e18   0x000002d0   Zero   RW         4195    .bss                seekfree_icm20602.o
    0x200010e8   0x00000330   Zero   RW         4616    .bss                excavatorsettings.o
    0x20001418   0x00000fe0   Zero   RW         4756    .bss                uart_node.o
    0x200023f8   0x00000060   Zero   RW         5996    .bss                c_w.l(libspace.o)
    0x20002458   0x00000200   Zero   RW            2    HEAP                startup_stm32f103xe.o
    0x20002658   0x00000400   Zero   RW            1    STACK               startup_stm32f103xe.o


==============================================================================

Image component sizes


      Code (inc. data)   RO Data    RW Data    ZI Data      Debug   Object Name

       296         20          0          0          0       2568   abstract_layer.o
       552         44          0        112         32       1747   control_layer.o
         0          0          0        496        168       2056   ctrllib_settings.o
       100          4          0          0          0        762   dma.o
       434         20          0          0         48       1964   drive_layer.o
         0          0          0          0          0       1272   duration.o
       200          8          0         24        816       2869   excavatorsettings.o
       366         36          0          0       1296       3001   filter_1.o
       348         20          0          0          0       1047   gpio.o
      1942         48          0          8          0       8789   mahony_filter.o
      1164        186         32          8          0     499036   main.o
        56          6          0          0          0        683   quantization_layer.o
      2860         60         36         16          0      12096   robotarm.o
      1398         42          0         84        720      12037   seekfree_icm20602.o
       208         22          0          0         88       1613   spi.o
        64         26        304          0       1536        796   startup_stm32f103xe.o
       192         36          0          9          0       6417   stm32f1xx_hal.o
       304         22          0          0          0      29359   stm32f1xx_hal_cortex.o
      1770         28          0          0          0       5222   stm32f1xx_hal_dma.o
       880         40          0          0          0       3916   stm32f1xx_hal_gpio.o
         0          0          0          0          0     484792   stm32f1xx_hal_gpio_ex.o
        92         10          0          0          0        890   stm32f1xx_hal_msp.o
      1784        110          0          0          0       5920   stm32f1xx_hal_rcc.o
       190          0          0          0          0       1127   stm32f1xx_hal_spi.o
      2272        102          0          0          0      15344   stm32f1xx_hal_tim.o
       276         22          0          0          0       3157   stm32f1xx_hal_tim_ex.o
      2206         38          0          0          0      15550   stm32f1xx_hal_uart.o
       146         42          0          0          0       7000   stm32f1xx_it.o
         2          0         24          4          0       1103   system_stm32f1xx.o
      1484         94          0          0        360       5452   tim.o
        36          6          0          0          0        916   time.o
      8274        452       1188         41       4064      80768   uart_node.o
       620         56          0          0        808       4615   usart.o

    ----------------------------------------------------------------------
     30560       1600       1624        808       9936    1223884   Object Totals
         0          0         32          0          0          0   (incl. Generated)
        44          0          8          6          0          0   (incl. Padding)

    ----------------------------------------------------------------------

      Code (inc. data)   RO Data    RW Data    ZI Data      Debug   Library Member Name

        90          0          0          0          0          0   __dczerorl2.o
         8          0          0          0          0         68   __main.o
       284          0          0          0          0        156   __printf_wp.o
         0          0          0          0          0          0   __rtentry.o
        12          0          0          0          0          0   __rtentry2.o
         6          0          0          0          0          0   __rtentry4.o
        52          8          0          0          0          0   __scatter.o
        28          0          0          0          0          0   __scatter_zi.o
        48          6          0          0          0         96   _printf_char_common.o
         6          0          0          0          0          0   _printf_f.o
      1050          0          0          0          0        216   _printf_fp_dec.o
       128         16          0          0          0         84   _printf_fp_infnan.o
         0          0          0          0          0          0   _printf_percent.o
         4          0          0          0          0          0   _printf_percent_end.o
        22          0          0          0          0        100   _rserrno.o
        10          0          0          0          0         68   _sputc.o
       220          4        148          0          0         96   bigflt0.o
      1910        128          0          0          0        672   btod.o
        10          0          0          0          0         68   defsig_exit.o
        50          0          0          0          0         88   defsig_general.o
        48         34          0          0          0         76   defsig_pvfn_inner.o
        14          0          0          0          0         80   defsig_pvfn_outer.o
        80         58          0          0          0         76   defsig_rtmem_inner.o
        14          0          0          0          0         80   defsig_rtmem_outer.o
        18          0          0          0          0         80   exit.o
        94          0          0          0          0         80   h1_alloc.o
        52          0          0          0          0         68   h1_extend.o
        78          0          0          0          0         80   h1_free.o
        14          0          0          0          0         84   h1_init.o
       184          0          0          0          0         92   h1_realloc.o
         6          0          0          0          0        152   heapauxi.o
         4          0          0          0          0        136   hguard.o
         0          0          0          0          0          0   indicate_semi.o
        36         10          0          0          0         80   init_aeabi.o
       138          0          0          0          0        168   init_alloc.o
        44         10         28          0          0         76   lc_numeric_c.o
         2          0          0          0          0          0   libinit.o
        30          0          0          0          0          0   libinit2.o
         2          0          0          0          0          0   libshutdown.o
         2          0          0          0          0          0   libshutdown2.o
         8          4          0          0         96         68   libspace.o
       138          0          0          0          0         80   lludiv10.o
         0          0          0          0          0          0   maybetermalloc1.o
        40          6          0          0          0         84   noretval__2sprintf.o
         8          4          0          0          0         68   rt_errno_addr_intlibspace.o
         8          4          0          0          0         68   rt_heap_descriptor_intlibspace.o
         8          4          0          0          0         68   rt_locale_intlibspace.o
        78          0          0          0          0         80   rt_memclr_w.o
       138          0          0          0          0         68   rt_memcpy_v6.o
       100          0          0          0          0         80   rt_memcpy_w.o
         2          0          0          0          0          0   rtexit.o
        10          0          0          0          0          0   rtexit2.o
       128          0          0          0          0         68   strcmpv7m.o
        62          0          0          0          0         76   strlen.o
        12          4          0          0          0         68   sys_exit.o
        74          0          0          0          0         80   sys_stackheap_outer.o
        14          0          0          0          0         76   sys_wrch.o
         2          0          0          0          0         68   use_no_semi.o
         6          0          0          0          0         68   pure_virt.o
        98          4          0          0          0         92   d2f.o
       826         16          0          0          0        348   daddsub_clz.o
        16          4          0          0          0         68   dcheck1.o
        24          0          0          0          0         68   dcmpi.o
       688        140          0          0          0        208   ddiv.o
        94          4          0          0          0         92   dfix.o
        90          4          0          0          0         92   dfixu.o
        84          0          0          0          0        136   dflt_clz.o
       120          4          0          0          0         92   dleqf.o
       340         12          0          0          0        104   dmul.o
       156          4          0          0          0         92   dnaninf.o
        12          0          0          0          0         68   dretinf.o
       108          0          0          0          0         80   drleqf.o
        86          4          0          0          0         84   f2d.o
       450          8          0          0          0        236   faddsub_clz.o
        12          4          0          0          0         68   fcheck1.o
        24          0          0          0          0         68   fcmpi.o
       388         76          0          0          0         96   fdiv.o
        48          0          0          0          0         68   fflt_clz.o
       104          4          0          0          0         84   fleqf.o
       258          4          0          0          0         84   fmul.o
       140          4          0          0          0         84   fnaninf.o
        10          0          0          0          0         68   fretinf.o
        98          0          0          0          0         68   frleqf.o
       272        100          0          0          0         88   fsqrt.o
         4          0          0          0          0         68   printf1.o
       100          0          0          0          0         68   retnan.o
        92          0          0          0          0         68   scalbn.o
        76          0          0          0          0         68   scalbnf.o
        48          0          0          0          0         68   trapv.o
         0          0          0          0          0          0   usenofp.o
       284         42          0          0          0        120   acosf.o
       292         38          0          0          0        120   asinf.o
       604         76          0          0          0        116   atan2f.o
       156          8          0          0          0        104   cos.o
       252         22         48          0          0        124   cos_i.o
        34          6          0          0          0        204   dunder.o
        40          0          0          0          0         68   fpclassify.o
        38          0          0          0          0         68   fpclassifyf.o
        28          0          0          0          0        272   funder.o
       170          0          0          0          0         96   poly.o
       904         76        200          0          0        140   rred.o
       160         10          0          0          0        108   sin.o
       236         12         40          0          0        128   sin_i.o
        44          0          0          0          0         80   sqrtf.o

    ----------------------------------------------------------------------
     13776        986        464          0         96       9012   Library Totals
        34          0          0          0          0          0   (incl. Padding)

    ----------------------------------------------------------------------

      Code (inc. data)   RO Data    RW Data    ZI Data      Debug   Library Name

      5628        300        176          0         96       4220   c_w.l
         6          0          0          0          0         68   cpprt_w.l
      4866        396          0          0          0       2976   fz_ws.l
      3242        290        288          0          0       1748   m_ws.l

    ----------------------------------------------------------------------
     13776        986        464          0         96       9012   Library Totals

    ----------------------------------------------------------------------

==============================================================================


      Code (inc. data)   RO Data    RW Data    ZI Data      Debug   

     44336       2586       2088        808      10032    1215680   Grand Totals
     44336       2586       2088        196      10032    1215680   ELF Image Totals (compressed)
     44336       2586       2088        196          0          0   ROM Totals

==============================================================================

    Total RO  Size (Code + RO Data)                46424 (  45.34kB)
    Total RW  Size (RW Data + ZI Data)             10840 (  10.59kB)
    Total ROM Size (Code + RO Data + RW Data)      46620 (  45.53kB)

==============================================================================

