<html>
<body>
<pre>
<h1>µVision Build Log</h1>
<h2>Tool Versions:</h2>
IDE-Version: ¦ÌVision V5.21.1.0
Copyright (C) 2016 ARM Ltd and ARM Germany GmbH. All rights reserved.
License Information: Raymon Yip, SFTR, LIC=03C6R-K13NU-01HP1-C18S1-QY6SV-KNV18
 
Tool Versions:
Toolchain:       MDK-ARM Plus  Version: 5.21a
Toolchain Path:  D:\Software\CompanyProducts\Keil\ARM\ARMCC\Bin
C Compiler:      Armcc.exe V5.06 update 3 (build 300)
Assembler:       Armasm.exe V5.06 update 3 (build 300)
Linker/Locator:  ArmLink.exe V5.06 update 3 (build 300)
Library Manager: ArmAr.exe V5.06 update 3 (build 300)
Hex Converter:   FromElf.exe V5.06 update 3 (build 300)
CPU DLL:         SARMCM3.DLL V5.21a
Dialog DLL:      DCM.DLL V1.13.8.0
Target DLL:      CMSIS_AGDI.dll V1.26.5.0
Dialog DLL:      TCM.DLL V1.14.14.0
 
<h2>Project:</h2>
E:\CodeTestFile\Keil\20220708 BCS_rct6\MDK-ARM\Excavator.uvprojx
Project File Date:  07/23/2022

<h2>Output:</h2>
*** Using Compiler 'V5.06 update 3 (build 300)', folder: 'D:\Software\CompanyProducts\Keil\ARM\ARMCC\Bin'
Build target 'Excavator'
compiling main.c...
../Libraries/ROS_Communication/uart_node.hpp(25): warning:  #1-D: last line of file ends without a newline
  #endif
../Core/Src/main.c(244): warning:  #177-D: variable "pos" was declared but never referenced
  			double pos[4] = {1.57, 0.8, 0, -1};
../Core/Src/main.c(245): warning:  #177-D: variable "vel" was declared but never referenced
  			double vel[4] = {0};
../Core/Src/main.c: 3 warnings, 0 errors
linking...
Program Size: Code=44336 RO-data=2088 RW-data=808 ZI-data=10032  
FromELF: creating hex file...
".\Excavator\Excavator.axf" - 0 Error(s), 3 Warning(s).

<h2>Collection of Component include folders:</h2>
  E:\CodeTestFile\Keil\20220708 BCS_rct6\MDK-ARM\RTE
  D:\Software\CompanyProducts\Keil\ARM\PACK\Keil\STM32F1xx_DFP\2.4.0\Device\Include

<h2>Collection of Component Files used:</h2>
Build Time Elapsed:  00:00:01
</pre>
</body>
</html>
